Archive member included because of file (symbol)

.\CortexM3\ARM_GCC_493\Debug\execute_1_0.a(cyfitter_cfg.o)
                              .\CortexM3\ARM_GCC_493\Debug\Cm3Start.o (cyfitter_cfg)
.\CortexM3\ARM_GCC_493\Debug\execute_1_0.a(ADC_SAR_2.o)
                              .\CortexM3\ARM_GCC_493\Debug\motor.o (ADC_SAR_2_Start)
.\CortexM3\ARM_GCC_493\Debug\execute_1_0.a(ADC_SAR_2_INT.o)
                              .\CortexM3\ARM_GCC_493\Debug\execute_1_0.a(ADC_SAR_2.o) (ADC_SAR_2_ISR)
.\CortexM3\ARM_GCC_493\Debug\execute_1_0.a(Opamp_1.o)
                              .\CortexM3\ARM_GCC_493\Debug\motor.o (Opamp_1_Start)
.\CortexM3\ARM_GCC_493\Debug\execute_1_0.a(DMA_2_dma.o)
                              .\CortexM3\ARM_GCC_493\Debug\strain.o (DMA_2_DmaInitialize)
.\CortexM3\ARM_GCC_493\Debug\execute_1_0.a(isr_delsig.o)
                              .\CortexM3\ARM_GCC_493\Debug\strain.o (isr_delsig_Start)
.\CortexM3\ARM_GCC_493\Debug\execute_1_0.a(DMA_3_dma.o)
                              .\CortexM3\ARM_GCC_493\Debug\serial.o (DMA_3_DmaInitialize)
.\CortexM3\ARM_GCC_493\Debug\execute_1_0.a(QuadDec_1.o)
                              .\CortexM3\ARM_GCC_493\Debug\control.o (QuadDec_1_GetCounter)
.\CortexM3\ARM_GCC_493\Debug\execute_1_0.a(QuadDec_1_INT.o)
                              .\CortexM3\ARM_GCC_493\Debug\execute_1_0.a(QuadDec_1.o) (QuadDec_1_ISR)
.\CortexM3\ARM_GCC_493\Debug\execute_1_0.a(isr_dma_uart_rx.o)
                              .\CortexM3\ARM_GCC_493\Debug\serial.o (isr_dma_uart_rx_Start)
.\CortexM3\ARM_GCC_493\Debug\execute_1_0.a(DMA_4_dma.o)
                              .\CortexM3\ARM_GCC_493\Debug\serial.o (DMA_4_DmaInitialize)
.\CortexM3\ARM_GCC_493\Debug\execute_1_0.a(UART_DMA_XMIT.o)
                              .\CortexM3\ARM_GCC_493\Debug\isr_callbacks.o (UART_DMA_XMIT_Write)
.\CortexM3\ARM_GCC_493\Debug\execute_1_0.a(isr_dma_uart_tx.o)
                              .\CortexM3\ARM_GCC_493\Debug\serial.o (isr_dma_uart_tx_Start)
.\CortexM3\ARM_GCC_493\Debug\execute_1_0.a(LED_HB.o)
                              .\CortexM3\ARM_GCC_493\Debug\ui.o (LED_HB_Write)
.\CortexM3\ARM_GCC_493\Debug\execute_1_0.a(LED_R.o)
                              .\CortexM3\ARM_GCC_493\Debug\control.o (LED_R_Write)
.\CortexM3\ARM_GCC_493\Debug\execute_1_0.a(Timer_2.o)
                              .\CortexM3\ARM_GCC_493\Debug\isr_callbacks.o (Timer_2_ReadStatusRegister)
.\CortexM3\ARM_GCC_493\Debug\execute_1_0.a(VDAC8_1.o)
                              .\CortexM3\ARM_GCC_493\Debug\motor.o (VDAC8_1_Start)
.\CortexM3\ARM_GCC_493\Debug\execute_1_0.a(DMA_1_dma.o)
                              .\CortexM3\ARM_GCC_493\Debug\analog.o (DMA_1_DmaInitialize)
.\CortexM3\ARM_GCC_493\Debug\execute_1_0.a(isr_sar2_dma.o)
                              .\CortexM3\ARM_GCC_493\Debug\motor.o (isr_sar2_dma_Start)
.\CortexM3\ARM_GCC_493\Debug\execute_1_0.a(isr_t2.o)
                              .\CortexM3\ARM_GCC_493\Debug\serial.o (isr_t2_Start)
.\CortexM3\ARM_GCC_493\Debug\execute_1_0.a(T2_RESET.o)
                              .\CortexM3\ARM_GCC_493\Debug\isr_callbacks.o (T2_RESET_Write)
.\CortexM3\ARM_GCC_493\Debug\execute_1_0.a(Coast_Brake.o)
                              .\CortexM3\ARM_GCC_493\Debug\control.o (Coast_Brake_Write)
.\CortexM3\ARM_GCC_493\Debug\execute_1_0.a(USBUART_1.o)
                              .\CortexM3\ARM_GCC_493\Debug\usb.o (USBUART_1_Start)
.\CortexM3\ARM_GCC_493\Debug\execute_1_0.a(USBUART_1_cdc.o)
                              .\CortexM3\ARM_GCC_493\Debug\usb.o (USBUART_1_CDC_Init)
.\CortexM3\ARM_GCC_493\Debug\execute_1_0.a(USBUART_1_drv.o)
                              .\CortexM3\ARM_GCC_493\Debug\execute_1_0.a(USBUART_1.o) (USBUART_1_lastPacketSize)
.\CortexM3\ARM_GCC_493\Debug\execute_1_0.a(USBUART_1_episr.o)
                              .\CortexM3\ARM_GCC_493\Debug\execute_1_0.a(USBUART_1.o) (USBUART_1_EP_1_ISR)
.\CortexM3\ARM_GCC_493\Debug\execute_1_0.a(USBUART_1_hid.o)
                              .\CortexM3\ARM_GCC_493\Debug\execute_1_0.a(USBUART_1.o) (USBUART_1_hidProtocol)
.\CortexM3\ARM_GCC_493\Debug\execute_1_0.a(USBUART_1_std.o)
                              .\CortexM3\ARM_GCC_493\Debug\execute_1_0.a(USBUART_1_hid.o) (USBUART_1_GetConfigTablePtr)
.\CortexM3\ARM_GCC_493\Debug\execute_1_0.a(USBUART_1_vnd.o)
                              .\CortexM3\ARM_GCC_493\Debug\execute_1_0.a(USBUART_1_drv.o) (USBUART_1_HandleVendorRqst)
.\CortexM3\ARM_GCC_493\Debug\execute_1_0.a(MotorDirection.o)
                              .\CortexM3\ARM_GCC_493\Debug\control.o (MotorDirection_Write)
.\CortexM3\ARM_GCC_493\Debug\execute_1_0.a(ADC_DelSig_1.o)
                              .\CortexM3\ARM_GCC_493\Debug\strain.o (ADC_DelSig_1_Start)
.\CortexM3\ARM_GCC_493\Debug\execute_1_0.a(ADC_DelSig_1_INT.o)
                              .\CortexM3\ARM_GCC_493\Debug\execute_1_0.a(ADC_DelSig_1.o) (ADC_DelSig_1_ISR1)
.\CortexM3\ARM_GCC_493\Debug\execute_1_0.a(I2C_0.o)
[...]
Memory Configuration

Name             Origin             Length             Attributes
rom              0x00000000         0x00040000         xr
ram              0x1fff8000         0x00010000         xrw
*default*        0x00000000         0xffffffff

Linker script and memory map

LOAD c:/program files (x86)/cypress/psoc creator/3.3/psoc creator/import/gnu/arm/4.9.3/bin/../lib/gcc/arm-none-eabi/4.9.3/armv7-m/crti.o
LOAD c:/program files (x86)/cypress/psoc creator/3.3/psoc creator/import/gnu/arm/4.9.3/bin/../lib/gcc/arm-none-eabi/4.9.3/armv7-m/crtbegin.o
LOAD c:/program files (x86)/cypress/psoc creator/3.3/psoc creator/import/gnu/arm/4.9.3/bin/../lib/gcc/arm-none-eabi/4.9.3/../../../../arm-none-eabi/lib/armv7-m/crt0.o
START GROUP
LOAD .\CortexM3\ARM_GCC_493\Debug\analog.o
LOAD .\CortexM3\ARM_GCC_493\Debug\control.o
LOAD .\CortexM3\ARM_GCC_493\Debug\demo.o
LOAD .\CortexM3\ARM_GCC_493\Debug\ext_input.o
LOAD .\CortexM3\ARM_GCC_493\Debug\gen_waveform.o
LOAD .\CortexM3\ARM_GCC_493\Debug\imu.o
LOAD .\CortexM3\ARM_GCC_493\Debug\isr_callbacks.o
LOAD .\CortexM3\ARM_GCC_493\Debug\main.o
LOAD .\CortexM3\ARM_GCC_493\Debug\misc.o
LOAD .\CortexM3\ARM_GCC_493\Debug\motor.o
LOAD .\CortexM3\ARM_GCC_493\Debug\peripherals.o
LOAD .\CortexM3\ARM_GCC_493\Debug\safety.o
LOAD .\CortexM3\ARM_GCC_493\Debug\sensor_commut.o
LOAD .\CortexM3\ARM_GCC_493\Debug\serial.o
LOAD .\CortexM3\ARM_GCC_493\Debug\strain.o
LOAD .\CortexM3\ARM_GCC_493\Debug\trapez.o
LOAD .\CortexM3\ARM_GCC_493\Debug\ui.o
LOAD .\CortexM3\ARM_GCC_493\Debug\usb.o
LOAD .\CortexM3\ARM_GCC_493\Debug\user_exo.o
LOAD .\CortexM3\ARM_GCC_493\Debug\ext_output.o
LOAD .\CortexM3\ARM_GCC_493\Debug\i2c.o
LOAD .\CortexM3\ARM_GCC_493\Debug\user_csea_knee.o
LOAD .\CortexM3\ARM_GCC_493\Debug\user_ricnu_knee.o
LOAD .\CortexM3\ARM_GCC_493\Debug\user_ankle_2dof.o
LOAD .\CortexM3\ARM_GCC_493\Debug\user_dsdm.o
LOAD .\CortexM3\ARM_GCC_493\Debug\user.o
LOAD .\CortexM3\ARM_GCC_493\Debug\main_fsm.o
LOAD .\CortexM3\ARM_GCC_493\Debug\flexsea.o
LOAD .\CortexM3\ARM_GCC_493\Debug\flexsea_buffers.o
LOAD .\CortexM3\ARM_GCC_493\Debug\flexsea_comm.o
LOAD .\CortexM3\ARM_GCC_493\Debug\flexsea_payload.o
LOAD .\CortexM3\ARM_GCC_493\Debug\flexsea_cmd_application.o
LOAD .\CortexM3\ARM_GCC_493\Debug\flexsea_cmd_control.o
LOAD .\CortexM3\ARM_GCC_493\Debug\flexsea_cmd_external.o
LOAD .\CortexM3\ARM_GCC_493\Debug\flexsea_cmd_sensors.o
LOAD .\CortexM3\ARM_GCC_493\Debug\flexsea_system.o
LOAD .\CortexM3\ARM_GCC_493\Debug\flexsea_cmd_data.o
LOAD .\CortexM3\ARM_GCC_493\Debug\flexsea_board.o
LOAD .\CortexM3\ARM_GCC_493\Debug\cymetadata.o
LOAD .\CortexM3\ARM_GCC_493\Debug\Cm3Start.o
LOAD .\CortexM3\ARM_GCC_493\Debug\execute_1_0.a
LOAD C:\Program Files (x86)\Cypress\PSoC Creator\3.3\PSoC Creator\psoc\content\cycomponentlibrary\CyComponentLibrary.cylib\CortexM3\ARM_GCC_493\Debug\CyComponentLibrary.a
LOAD c:/program files (x86)/cypress/psoc creator/3.3/psoc creator/import/gnu/arm/4.9.3/bin/../lib/gcc/arm-none-eabi/4.9.3/../../../../arm-none-eabi/lib/armv7-m\libm.a
END GROUP
START GROUP
LOAD c:/program files (x86)/cypress/psoc creator/3.3/psoc creator/import/gnu/arm/4.9.3/bin/../lib/gcc/arm-none-eabi/4.9.3/armv7-m\libgcc.a
LOAD c:/program files (x86)/cypress/psoc creator/3.3/psoc creator/import/gnu/arm/4.9.3/bin/../lib/gcc/arm-none-eabi/4.9.3/../../../../arm-none-eabi/lib/armv7-m\libg_nano.a
LOAD c:/program files (x86)/cypress/psoc creator/3.3/psoc creator/import/gnu/arm/4.9.3/bin/../lib/gcc/arm-none-eabi/4.9.3/../../../../arm-none-eabi/lib/armv7-m\libc_nano.a
END GROUP
START GROUP
LOAD c:/program files (x86)/cypress/psoc creator/3.3/psoc creator/import/gnu/arm/4.9.3/bin/../lib/gcc/arm-none-eabi/4.9.3/armv7-m\libgcc.a
LOAD c:/program files (x86)/cypress/psoc creator/3.3/psoc creator/import/gnu/arm/4.9.3/bin/../lib/gcc/arm-none-eabi/4.9.3/../../../../arm-none-eabi/lib/armv7-m\libc_nano.a
END GROUP
LOAD c:/program files (x86)/cypress/psoc creator/3.3/psoc creator/import/gnu/arm/4.9.3/bin/../lib/gcc/arm-none-eabi/4.9.3/armv7-m/crtend.o
LOAD c:/program files (x86)/cypress/psoc creator/3.3/psoc creator/import/gnu/arm/4.9.3/bin/../lib/gcc/arm-none-eabi/4.9.3/armv7-m/crtn.o
START GROUP
LOAD c:/program files (x86)/cypress/psoc creator/3.3/psoc creator/import/gnu/arm/4.9.3/bin/../lib/gcc/arm-none-eabi/4.9.3/armv7-m\libgcc.a
LOAD c:/program files (x86)/cypress/psoc creator/3.3/psoc creator/import/gnu/arm/4.9.3/bin/../lib/gcc/arm-none-eabi/4.9.3/../../../../arm-none-eabi/lib/armv7-m\libc.a
LOAD c:/program files (x86)/cypress/psoc creator/3.3/psoc creator/import/gnu/arm/4.9.3/bin/../lib/gcc/arm-none-eabi/4.9.3/../../../../arm-none-eabi/lib/armv7-m\libnosys.a
END GROUP
                0x00000000                CY_APPL_ORIGIN = 0x0
                0x00000100                CY_FLASH_ROW_SIZE = 0x100
                0x00000020                CY_ECC_ROW_SIZE = 0x20
                0x00000000                CY_EE_IN_BTLDR = 0x0
                0x00000000                CY_APPL_LOADABLE = 0x0
                0x00000800                CY_EE_SIZE = 0x800
                0x00000001                CY_APPL_NUM = 0x1
                0x00000001                CY_APPL_MAX = 0x1
                0x00000040                CY_METADATA_SIZE = 0x40
                0x00000000                CY_APPL_LOADABLE = 0x0
                0x00000000                CY_CHECKSUM_EXCLUDE_SIZE = ALIGN (0x0, CY_FLASH_ROW_SIZE)
                0x1fff8ed0                PROVIDE (__cy_heap_start, _end)
                0x00000001                PROVIDE (__cy_region_num, ((__cy_regions_end - __cy_regions) / 0x10))
                0x20008000                PROVIDE (__cy_stack, (ORIGIN (ram) + 0x10000))
                0x20007800                PROVIDE (__cy_heap_end, (__cy_stack - 0x800))

.cybootloader   0x00000000        0x0
 *(.cybootloader)
                0x00000000                appl1_start = CY_APPL_ORIGIN?CY_APPL_ORIGIN:ALIGN (CY_FLASH_ROW_SIZE)
                0x0001ff00                appl2_start = (appl1_start + ALIGN ((((0x40000 - appl1_start) - (0x2 * CY_FLASH_ROW_SIZE)) / 0x2), CY_FLASH_ROW_SIZE))
                0x00000000                appl_start = (CY_APPL_NUM == 0x1)?appl1_start:appl2_start
                0x00000000                ecc_offset = ((appl_start / CY_FLASH_ROW_SIZE) * CY_ECC_ROW_SIZE)
                0x00000000                ee_offset = (CY_APPL_LOADABLE && ! (CY_EE_IN_BTLDR))?((CY_EE_SIZE / CY_APPL_MAX) * (CY_APPL_NUM - 0x1)):0x0
                0x00000800                ee_size = (CY_APPL_LOADABLE && ! (CY_EE_IN_BTLDR))?(CY_EE_SIZE / CY_APPL_MAX):CY_EE_SIZE
                0x00000000                PROVIDE (CY_ECC_OFFSET, ecc_offset)

.text           0x00000000     0x966e
 CREATE_OBJECT_SYMBOLS
                0x00000000                PROVIDE (__cy_interrupt_vector, RomVectors)
 *(.romvectors)
 .romvectors    0x00000000       0x10 .\CortexM3\ARM_GCC_493\Debug\Cm3Start.o
                0x00000000                RomVectors
                0x00000001                ASSERT ((. != __cy_interrupt_vector), No interrupt vector)
                0x00000001                ASSERT (CY_APPL_ORIGIN?(SIZEOF (.cybootloader) <= CY_APPL_ORIGIN):0x1, Wrong image location)
                0x00000010                PROVIDE (__cy_reset, Reset)
 *(.text.Reset)
 .text.Reset    0x00000010       0x18 .\CortexM3\ARM_GCC_493\Debug\Cm3Start.o
                0x00000010                Reset
                0x00000001                ASSERT ((. != __cy_reset), No reset code)
 *(.dma_init)
                0x00000001                ASSERT ((((appl_start + .) <= 0x10000) || 0x1), DMA Init must be within the first 64k of flash)
 *(.text .text.* .gnu.linkonce.t.*)
 .text          0x00000028       0x5c c:/program files (x86)/cypress/psoc creator/3.3/psoc creator/import/gnu/arm/4.9.3/bin/../lib/gcc/arm-none-eabi/4.9.3/armv7-m/crtbegin.o
 .text.filter_sar_adc
                0x00000084       0x44 .\CortexM3\ARM_GCC_493\Debug\analog.o
                0x00000084                filter_sar_adc
 .text.double_buffer_adc
                0x000000c8       0x3c .\CortexM3\ARM_GCC_493\Debug\analog.o
                0x000000c8                double_buffer_adc
 .text.read_analog
                0x00000104       0x18 .\CortexM3\ARM_GCC_493\Debug\analog.o
                0x00000104                read_analog
 .text.adc_sar1_dma_config
                0x0000011c       0x48 .\CortexM3\ARM_GCC_493\Debug\analog.o
                0x0000011c                adc_sar1_dma_config
 .text.init_analog
                0x00000164       0x20 .\CortexM3\ARM_GCC_493\Debug\analog.o
                0x00000164                init_analog
 .text.adc_sar2_dma_config
                0x00000184       0x48 .\CortexM3\ARM_GCC_493\Debug\analog.o
                0x00000184                adc_sar2_dma_config
 .text.control_strategy
                0x000001cc       0xa8 .\CortexM3\ARM_GCC_493\Debug\control.o
                0x000001cc                control_strategy
 .text.init_ctrl_data_structure
                0x00000274       0x88 .\CortexM3\ARM_GCC_493\Debug\control.o
                0x00000274                init_ctrl_data_structure
 .text.motor_position_pid
                0x000002fc       0xb4 .\CortexM3\ARM_GCC_493\Debug\control.o
                0x000002fc                motor_position_pid
 .text.motor_current_pid_2
                0x000003b0      0x11c .\CortexM3\ARM_GCC_493\Debug\control.o
                0x000003b0                motor_current_pid_2
 .text.motor_impedance_encoder
                0x000004cc      0x1c4 .\CortexM3\ARM_GCC_493\Debug\control.o
                0x000004cc                motor_impedance_encoder
 .text.in_control_combine
                0x00000690       0x24 .\CortexM3\ARM_GCC_493\Debug\control.o
                0x00000690                in_control_combine
 .text.in_control_get_pwm_dir
                0x000006b4       0x18 .\CortexM3\ARM_GCC_493\Debug\control.o
                0x000006b4                in_control_get_pwm_dir
 .text.init_qei
                0x000006cc       0x14 .\CortexM3\ARM_GCC_493\Debug\ext_input.o
                0x000006cc                init_qei
 .text.refresh_enc_control
                0x000006e0       0x28 .\CortexM3\ARM_GCC_493\Debug\ext_input.o
                0x000006e0                refresh_enc_control
 .text.refresh_enc_display
                0x00000708        0x8 .\CortexM3\ARM_GCC_493\Debug\ext_input.o
                0x00000708                refresh_enc_display
 .text.qei_write
                0x00000710        0x8 .\CortexM3\ARM_GCC_493\Debug\ext_input.o
                0x00000710                qei_write
 .text.qei_read
                0x00000718        0x8 .\CortexM3\ARM_GCC_493\Debug\ext_input.o
                0x00000718                qei_read
 .text.strain_6ch_bytes_to_words
                0x00000720       0x44 .\CortexM3\ARM_GCC_493\Debug\ext_input.o
                0x00000720                strain_6ch_bytes_to_words
 .text.decode_battery_board
                0x00000764       0x24 .\CortexM3\ARM_GCC_493\Debug\ext_input.o
                0x00000764                decode_battery_board
 .text.get_accel_xyz
                0x00000788       0x24 .\CortexM3\ARM_GCC_493\Debug\imu.o
                0x00000788                get_accel_xyz
 .text.get_gyro_xyz
                0x000007ac       0x34 .\CortexM3\ARM_GCC_493\Debug\imu.o
                0x000007ac                get_gyro_xyz
 .text.imu_write
                0x000007e0       0x48 .\CortexM3\ARM_GCC_493\Debug\imu.o
                0x000007e0                imu_write
 .text.reset_imu
                0x00000828       0x1c .\CortexM3\ARM_GCC_493\Debug\imu.o
                0x00000828                reset_imu
 .text.init_imu
                0x00000844       0x28 .\CortexM3\ARM_GCC_493\Debug\imu.o
                0x00000844                init_imu
 .text.isr_t1_Interrupt_InterruptCallback
                0x0000086c       0x48 .\CortexM3\ARM_GCC_493\Debug\isr_callbacks.o
                0x0000086c                isr_t1_Interrupt_InterruptCallback
 .text.isr_t2_Interrupt_InterruptCallback
                0x000008b4       0x24 .\CortexM3\ARM_GCC_493\Debug\isr_callbacks.o
                0x000008b4                isr_t2_Interrupt_InterruptCallback
 .text.isr_sar1_dma_Interrupt_InterruptCallback
                0x000008d8       0x74 .\CortexM3\ARM_GCC_493\Debug\isr_callbacks.o
                0x000008d8                isr_sar1_dma_Interrupt_InterruptCallback
 .text.isr_sar2_dma_Interrupt_InterruptCallback
                0x0000094c       0x70 .\CortexM3\ARM_GCC_493\Debug\isr_callbacks.o
                0x0000094c                isr_sar2_dma_Interrupt_InterruptCallback
 .text.isr_dma_uart_rx_Interrupt_InterruptCallback
                0x000009bc       0x30 .\CortexM3\ARM_GCC_493\Debug\isr_callbacks.o
                0x000009bc                isr_dma_uart_rx_Interrupt_InterruptCallback
 .text.isr_dma_uart_tx_Interrupt_InterruptCallback
                0x000009ec       0x10 .\CortexM3\ARM_GCC_493\Debug\isr_callbacks.o
                0x000009ec                isr_dma_uart_tx_Interrupt_InterruptCallback
 .text.ADC_SAR_1_ISR_InterruptCallback
                0x000009fc        0x4 .\CortexM3\ARM_GCC_493\Debug\isr_callbacks.o
                0x000009fc                ADC_SAR_1_ISR_InterruptCallback
 .text.main     0x00000a00       0x84 .\CortexM3\ARM_GCC_493\Debug\main.o
                0x00000a00                main
 .text.timebase_1s
                0x00000a84       0x24 .\CortexM3\ARM_GCC_493\Debug\misc.o
                0x00000a84                timebase_1s
 .text.init_motor
                0x00000aa8       0x40 .\CortexM3\ARM_GCC_493\Debug\motor.o
                0x00000aa8                init_motor
 .text.motor_open_speed_1
                0x00000ae8       0x60 .\CortexM3\ARM_GCC_493\Debug\motor.o
                0x00000ae8                motor_open_speed_1
 .text.init_tb_timers
                0x00000b48       0x10 .\CortexM3\ARM_GCC_493\Debug\peripherals.o
                0x00000b48                init_tb_timers
 .text.init_peripherals
                0x00000b58       0x68 .\CortexM3\ARM_GCC_493\Debug\peripherals.o
                0x00000b58                init_peripherals
 .text.decode_psoc4_values
                0x00000bc0       0x34 .\CortexM3\ARM_GCC_493\Debug\safety.o
                0x00000bc0                decode_psoc4_values
 .text.overtemp_error
                0x00000bf4       0x4c .\CortexM3\ARM_GCC_493\Debug\safety.o
                0x00000bf4                overtemp_error
 .text.I2C_1_MasterWriteByteTimeOut
                0x00000c40       0x7c .\CortexM3\ARM_GCC_493\Debug\safety.o
                0x00000c40                I2C_1_MasterWriteByteTimeOut
 .text.safety_cop_read
                0x00000cbc       0x60 .\CortexM3\ARM_GCC_493\Debug\safety.o
                0x00000cbc                safety_cop_read
 .text.safety_cop_read_all
                0x00000d1c       0x60 .\CortexM3\ARM_GCC_493\Debug\safety.o
                0x00000d1c                safety_cop_read_all
 .text.init_dma_3
                0x00000d7c       0x54 .\CortexM3\ARM_GCC_493\Debug\serial.o
 .text.init_dma_4
                0x00000dd0       0x54 .\CortexM3\ARM_GCC_493\Debug\serial.o
 .text.rs485_dma_puts
                0x00000e24       0x58 .\CortexM3\ARM_GCC_493\Debug\serial.o
                0x00000e24                rs485_dma_puts
 .text.rs485_puts
                0x00000e7c        0x8 .\CortexM3\ARM_GCC_493\Debug\serial.o
                0x00000e7c                rs485_puts
 .text.init_rs485
                0x00000e84       0x3c .\CortexM3\ARM_GCC_493\Debug\serial.o
                0x00000e84                init_rs485
 .text.strain_read
                0x00000ec0        0xc .\CortexM3\ARM_GCC_493\Debug\strain.o
                0x00000ec0                strain_read
 .text.strain_filter_dma
                0x00000ecc       0x34 .\CortexM3\ARM_GCC_493\Debug\strain.o
                0x00000ecc                strain_filter_dma
 .text.trapez_compute_params
                0x00000f00      0x184 .\CortexM3\ARM_GCC_493\Debug\trapez.o
 .text.trapez_gen_motion_1
                0x00001084      0x1b8 .\CortexM3\ARM_GCC_493\Debug\trapez.o
                0x00001084                trapez_gen_motion_1
 .text.trapez_get_pos
                0x0000123c      0x10c .\CortexM3\ARM_GCC_493\Debug\trapez.o
                0x0000123c                trapez_get_pos
 .text.alive_led
                0x00001348       0x30 .\CortexM3\ARM_GCC_493\Debug\ui.o
                0x00001348                alive_led
 .text.set_led_rgb
                0x00001378       0x34 .\CortexM3\ARM_GCC_493\Debug\ui.o
                0x00001378                set_led_rgb
 .text.power_on
                0x000013ac       0x44 .\CortexM3\ARM_GCC_493\Debug\ui.o
                0x000013ac                power_on
 .text.rgb_led_ui
                0x000013f0       0xa8 .\CortexM3\ARM_GCC_493\Debug\ui.o
                0x000013f0                rgb_led_ui
 .text.init_usb
                0x00001498       0x3c .\CortexM3\ARM_GCC_493\Debug\usb.o
                0x00001498                init_usb
 .text.get_usb_data
                0x000014d4       0x38 .\CortexM3\ARM_GCC_493\Debug\usb.o
                0x000014d4                get_usb_data
 .text.usb_puts
                0x0000150c       0x18 .\CortexM3\ARM_GCC_493\Debug\usb.o
                0x0000150c                usb_puts
 .text.init_pwro
                0x00001524       0x10 .\CortexM3\ARM_GCC_493\Debug\ext_output.o
                0x00001524                init_pwro
 .text.pwro_output
                0x00001534       0x10 .\CortexM3\ARM_GCC_493\Debug\ext_output.o
                0x00001534                pwro_output
 .text.read_pwro
                0x00001544        0xc .\CortexM3\ARM_GCC_493\Debug\ext_output.o
                0x00001544                read_pwro
 .text.i2c_0_fsm
                0x00001550       0x40 .\CortexM3\ARM_GCC_493\Debug\i2c.o
                0x00001550                i2c_0_fsm
 .text.init_i2c_0
                0x00001590       0x14 .\CortexM3\ARM_GCC_493\Debug\i2c.o
                0x00001590                init_i2c_0
 .text.init_i2c_1
                0x000015a4       0x14 .\CortexM3\ARM_GCC_493\Debug\i2c.o
                0x000015a4                init_i2c_1
 .text.I2C_0_MasterWriteByteTimeOut
                0x000015b8       0x74 .\CortexM3\ARM_GCC_493\Debug\i2c.o
                0x000015b8                I2C_0_MasterWriteByteTimeOut
 .text.assign_i2c_data
                0x0000162c       0x8c .\CortexM3\ARM_GCC_493\Debug\i2c.o
                0x0000162c                assign_i2c_data
 .text.i2c0_read
                0x000016b8       0x60 .\CortexM3\ARM_GCC_493\Debug\i2c.o
                0x000016b8                i2c0_read
 .text.init_dsdm
                0x00001718        0xc .\CortexM3\ARM_GCC_493\Debug\user_dsdm.o
                0x00001718                init_dsdm
 .text.dsdm_fsm
                0x00001724       0x10 .\CortexM3\ARM_GCC_493\Debug\user_dsdm.o
                0x00001724                dsdm_fsm
 .text.init_user
                0x00001734        0x8 .\CortexM3\ARM_GCC_493\Debug\user.o
                0x00001734                init_user
 .text.user_fsm
                0x0000173c        0x8 .\CortexM3\ARM_GCC_493\Debug\user.o
                0x0000173c                user_fsm
 .text.main_fsm_case_0
                0x00001744        0x8 .\CortexM3\ARM_GCC_493\Debug\main_fsm.o
                0x00001744                main_fsm_case_0
 .text.main_fsm_case_1
                0x0000174c        0x8 .\CortexM3\ARM_GCC_493\Debug\main_fsm.o
                0x0000174c                main_fsm_case_1
 .text.main_fsm_case_2
                0x00001754        0x4 .\CortexM3\ARM_GCC_493\Debug\main_fsm.o
                0x00001754                main_fsm_case_2
 .text.main_fsm_case_3
                0x00001758        0xc .\CortexM3\ARM_GCC_493\Debug\main_fsm.o
                0x00001758                main_fsm_case_3
 .text.main_fsm_case_4
                0x00001764       0x3c .\CortexM3\ARM_GCC_493\Debug\main_fsm.o
                0x00001764                main_fsm_case_4
 .text.main_fsm_case_5
                0x000017a0       0x40 .\CortexM3\ARM_GCC_493\Debug\main_fsm.o
                0x000017a0                main_fsm_case_5
 .text.main_fsm_case_6
                0x000017e0       0x48 .\CortexM3\ARM_GCC_493\Debug\main_fsm.o
                0x000017e0                main_fsm_case_6
 .text.main_fsm_case_7
                0x00001828        0x4 .\CortexM3\ARM_GCC_493\Debug\main_fsm.o
                0x00001828                main_fsm_case_7
 .text.main_fsm_case_8
                0x0000182c       0x18 .\CortexM3\ARM_GCC_493\Debug\main_fsm.o
                0x0000182c                main_fsm_case_8
 .text.main_fsm_case_9
                0x00001844        0xc .\CortexM3\ARM_GCC_493\Debug\main_fsm.o
                0x00001844                main_fsm_case_9
 .text.main_fsm_10kHz
                0x00001850       0xfc .\CortexM3\ARM_GCC_493\Debug\main_fsm.o
                0x00001850                main_fsm_10kHz
 .text.main_fsm_asynchronous
                0x0000194c       0x18 .\CortexM3\ARM_GCC_493\Debug\main_fsm.o
                0x0000194c                main_fsm_asynchronous
 .text.flexsea_error
                0x00001964        0x4 .\CortexM3\ARM_GCC_493\Debug\flexsea.o
                0x00001964                flexsea_error
 .text.uint32_to_bytes
                0x00001968       0x1c .\CortexM3\ARM_GCC_493\Debug\flexsea.o
                0x00001968                uint32_to_bytes
 .text.uint16_to_bytes
                0x00001984        0xc .\CortexM3\ARM_GCC_493\Debug\flexsea.o
                0x00001984                uint16_to_bytes
 .text.fill_uint8_buf
                0x00001990       0x10 .\CortexM3\ARM_GCC_493\Debug\flexsea.o
                0x00001990                fill_uint8_buf
 .text.tx_cmd_test
                0x000019a0      0x12c .\CortexM3\ARM_GCC_493\Debug\flexsea.o
                0x000019a0                tx_cmd_test
 .text.rx_cmd_test
                0x00001acc       0xe4 .\CortexM3\ARM_GCC_493\Debug\flexsea.o
                0x00001acc                rx_cmd_test
 .text.update_rx_buf_byte
                0x00001bb0       0x2c .\CortexM3\ARM_GCC_493\Debug\flexsea_buffers.o
 .text.update_rx_buf_array
                0x00001bdc       0x58 .\CortexM3\ARM_GCC_493\Debug\flexsea_buffers.o
 .text.update_rx_buf_1
                0x00001c34       0x28 .\CortexM3\ARM_GCC_493\Debug\flexsea_buffers.o
 .text.update_rx_buf_2
                0x00001c5c       0x28 .\CortexM3\ARM_GCC_493\Debug\flexsea_buffers.o
 .text.unwrap_buffer
                0x00001c84       0x58 .\CortexM3\ARM_GCC_493\Debug\flexsea_buffers.o
                0x00001c84                unwrap_buffer
 .text.update_rx_buf_array_1
                0x00001cdc       0x10 .\CortexM3\ARM_GCC_493\Debug\flexsea_buffers.o
                0x00001cdc                update_rx_buf_array_1
 .text.update_rx_buf_array_2
                0x00001cec       0x10 .\CortexM3\ARM_GCC_493\Debug\flexsea_buffers.o
                0x00001cec                update_rx_buf_array_2
 .text.unpack_payload
                0x00001cfc       0xfc .\CortexM3\ARM_GCC_493\Debug\flexsea_comm.o
 .text.comm_gen_str
                0x00001df8       0x74 .\CortexM3\ARM_GCC_493\Debug\flexsea_comm.o
                0x00001df8                comm_gen_str
 .text.unpack_payload_1
                0x00001e6c       0x14 .\CortexM3\ARM_GCC_493\Debug\flexsea_comm.o
                0x00001e6c                unpack_payload_1
 .text.unpack_payload_2
                0x00001e80       0x14 .\CortexM3\ARM_GCC_493\Debug\flexsea_comm.o
                0x00001e80                unpack_payload_2
 .text.get_rid  0x00001e94       0x28 .\CortexM3\ARM_GCC_493\Debug\flexsea_payload.o
 .text.prepare_empty_payload
                0x00001ebc       0x18 .\CortexM3\ARM_GCC_493\Debug\flexsea_payload.o
                0x00001ebc                prepare_empty_payload
 .text.sent_from_a_slave
                0x00001ed4       0x10 .\CortexM3\ARM_GCC_493\Debug\flexsea_payload.o
                0x00001ed4                sent_from_a_slave
 .text.payload_parse_str
                0x00001ee4      0x63c .\CortexM3\ARM_GCC_493\Debug\flexsea_payload.o
                0x00001ee4                payload_parse_str
 .text.tx_cmd_ctrl_special_1
                0x00002520      0x1bc .\CortexM3\ARM_GCC_493\Debug\flexsea_cmd_application.o
                0x00002520                tx_cmd_ctrl_special_1
 .text.flexsea_payload_100
                0x000026dc       0xb8 .\CortexM3\ARM_GCC_493\Debug\flexsea_cmd_application.o
                0x000026dc                flexsea_payload_100
 .text.tx_cmd_ctrl_special_2
                0x00002794      0x254 .\CortexM3\ARM_GCC_493\Debug\flexsea_cmd_application.o
                0x00002794                tx_cmd_ctrl_special_2
 .text.flexsea_payload_101
                0x000029e8      0x16c .\CortexM3\ARM_GCC_493\Debug\flexsea_cmd_application.o
                0x000029e8                flexsea_payload_101
 .text.tx_cmd_ctrl_special_3
                0x00002b54      0x15c .\CortexM3\ARM_GCC_493\Debug\flexsea_cmd_application.o
                0x00002b54                tx_cmd_ctrl_special_3
 .text.flexsea_payload_102
                0x00002cb0       0x98 .\CortexM3\ARM_GCC_493\Debug\flexsea_cmd_application.o
                0x00002cb0                flexsea_payload_102
 .text.flexsea_payload_120
                0x00002d48       0x28 .\CortexM3\ARM_GCC_493\Debug\flexsea_cmd_application.o
                0x00002d48                flexsea_payload_120
 .text.tx_cmd_ctrl_special_5
                0x00002d70      0x208 .\CortexM3\ARM_GCC_493\Debug\flexsea_cmd_application.o
                0x00002d70                tx_cmd_ctrl_special_5
 .text.flexsea_payload_121
                0x00002f78       0xa0 .\CortexM3\ARM_GCC_493\Debug\flexsea_cmd_application.o
                0x00002f78                flexsea_payload_121
 .text.tx_cmd_ctrl_mode
                0x00003018       0x44 .\CortexM3\ARM_GCC_493\Debug\flexsea_cmd_control.o
                0x00003018                tx_cmd_ctrl_mode
 .text.flexsea_payload_80
                0x0000305c       0x58 .\CortexM3\ARM_GCC_493\Debug\flexsea_cmd_control.o
                0x0000305c                flexsea_payload_80
 .text.tx_cmd_ctrl_i
                0x000030b4       0x84 .\CortexM3\ARM_GCC_493\Debug\flexsea_cmd_control.o
                0x000030b4                tx_cmd_ctrl_i
 .text.flexsea_payload_86
                0x00003138       0x7c .\CortexM3\ARM_GCC_493\Debug\flexsea_cmd_control.o
                0x00003138                flexsea_payload_86
 .text.tx_cmd_ctrl_o
                0x000031b4       0x68 .\CortexM3\ARM_GCC_493\Debug\flexsea_cmd_control.o
                0x000031b4                tx_cmd_ctrl_o
 .text.flexsea_payload_85
                0x0000321c       0x68 .\CortexM3\ARM_GCC_493\Debug\flexsea_cmd_control.o
                0x0000321c                flexsea_payload_85
 .text.tx_cmd_ctrl_p
                0x00003284      0x134 .\CortexM3\ARM_GCC_493\Debug\flexsea_cmd_control.o
                0x00003284                tx_cmd_ctrl_p
 .text.flexsea_payload_87
                0x000033b8      0x158 .\CortexM3\ARM_GCC_493\Debug\flexsea_cmd_control.o
                0x000033b8                flexsea_payload_87
 .text.tx_cmd_ctrl_i_g
                0x00003510       0xa0 .\CortexM3\ARM_GCC_493\Debug\flexsea_cmd_control.o
                0x00003510                tx_cmd_ctrl_i_g
 .text.flexsea_payload_82
                0x000035b0       0x8c .\CortexM3\ARM_GCC_493\Debug\flexsea_cmd_control.o
                0x000035b0                flexsea_payload_82
 .text.tx_cmd_ctrl_p_g
                0x0000363c       0xa0 .\CortexM3\ARM_GCC_493\Debug\flexsea_cmd_control.o
                0x0000363c                tx_cmd_ctrl_p_g
 .text.flexsea_payload_83
                0x000036dc       0x98 .\CortexM3\ARM_GCC_493\Debug\flexsea_cmd_control.o
                0x000036dc                flexsea_payload_83
 .text.tx_cmd_ctrl_z_g
                0x00003774       0xa0 .\CortexM3\ARM_GCC_493\Debug\flexsea_cmd_control.o
                0x00003774                tx_cmd_ctrl_z_g
 .text.flexsea_payload_84
                0x00003814       0x98 .\CortexM3\ARM_GCC_493\Debug\flexsea_cmd_control.o
                0x00003814                flexsea_payload_84
 .text.tx_cmd_in_control
                0x000038ac      0x1dc .\CortexM3\ARM_GCC_493\Debug\flexsea_cmd_control.o
                0x000038ac                tx_cmd_in_control
 .text.flexsea_payload_90
                0x00003a88       0x74 .\CortexM3\ARM_GCC_493\Debug\flexsea_cmd_control.o
                0x00003a88                flexsea_payload_90
 .text.tx_cmd_exp_pwro
                0x00003afc       0x40 .\CortexM3\ARM_GCC_493\Debug\flexsea_cmd_external.o
                0x00003afc                tx_cmd_exp_pwro
 .text.flexsea_payload_61
                0x00003b3c       0x60 .\CortexM3\ARM_GCC_493\Debug\flexsea_cmd_external.o
                0x00003b3c                flexsea_payload_61
 .text.tx_cmd_encoder
                0x00003b9c       0x84 .\CortexM3\ARM_GCC_493\Debug\flexsea_cmd_sensors.o
                0x00003b9c                tx_cmd_encoder
 .text.flexsea_payload_43
                0x00003c20       0x68 .\CortexM3\ARM_GCC_493\Debug\flexsea_cmd_sensors.o
                0x00003c20                flexsea_payload_43
 .text.flexsea_payload_44
                0x00003c88       0x18 .\CortexM3\ARM_GCC_493\Debug\flexsea_cmd_sensors.o
                0x00003c88                flexsea_payload_44
 .text.flexsea_payload_0
                0x00003ca0        0x4 .\CortexM3\ARM_GCC_493\Debug\flexsea_system.o
                0x00003ca0                flexsea_payload_0
 .text.flexsea_payload_2
                0x00003ca4        0x4 .\CortexM3\ARM_GCC_493\Debug\flexsea_system.o
                0x00003ca4                flexsea_payload_2
 .text.flexsea_payload_3
                0x00003ca8        0x4 .\CortexM3\ARM_GCC_493\Debug\flexsea_system.o
                0x00003ca8                flexsea_payload_3
 .text.flexsea_payload_4
                0x00003cac        0x4 .\CortexM3\ARM_GCC_493\Debug\flexsea_system.o
                0x00003cac                flexsea_payload_4
 .text.flexsea_payload_5
                0x00003cb0        0x4 .\CortexM3\ARM_GCC_493\Debug\flexsea_system.o
                0x00003cb0                flexsea_payload_5
 .text.flexsea_payload_6
                0x00003cb4        0x4 .\CortexM3\ARM_GCC_493\Debug\flexsea_system.o
                0x00003cb4                flexsea_payload_6
 .text.flexsea_payload_7
                0x00003cb8        0x4 .\CortexM3\ARM_GCC_493\Debug\flexsea_system.o
                0x00003cb8                flexsea_payload_7
 .text.flexsea_payload_8
                0x00003cbc        0x4 .\CortexM3\ARM_GCC_493\Debug\flexsea_system.o
                0x00003cbc                flexsea_payload_8
 .text.flexsea_payload_9
                0x00003cc0        0x4 .\CortexM3\ARM_GCC_493\Debug\flexsea_system.o
                0x00003cc0                flexsea_payload_9
 .text.flexsea_payload_10
                0x00003cc4        0x4 .\CortexM3\ARM_GCC_493\Debug\flexsea_system.o
                0x00003cc4                flexsea_payload_10
 .text.flexsea_payload_11
                0x00003cc8        0x4 .\CortexM3\ARM_GCC_493\Debug\flexsea_system.o
                0x00003cc8                flexsea_payload_11
 .text.flexsea_payload_12
                0x00003ccc        0x4 .\CortexM3\ARM_GCC_493\Debug\flexsea_system.o
                0x00003ccc                flexsea_payload_12
 .text.flexsea_payload_13
                0x00003cd0        0x4 .\CortexM3\ARM_GCC_493\Debug\flexsea_system.o
                0x00003cd0                flexsea_payload_13
 .text.flexsea_payload_14
                0x00003cd4        0x4 .\CortexM3\ARM_GCC_493\Debug\flexsea_system.o
                0x00003cd4                flexsea_payload_14
 .text.flexsea_payload_15
                0x00003cd8        0x4 .\CortexM3\ARM_GCC_493\Debug\flexsea_system.o
                0x00003cd8                flexsea_payload_15
 .text.flexsea_payload_16
                0x00003cdc        0x4 .\CortexM3\ARM_GCC_493\Debug\flexsea_system.o
                0x00003cdc                flexsea_payload_16
 .text.flexsea_payload_17
                0x00003ce0        0x4 .\CortexM3\ARM_GCC_493\Debug\flexsea_system.o
                0x00003ce0                flexsea_payload_17
 .text.flexsea_payload_18
                0x00003ce4        0x4 .\CortexM3\ARM_GCC_493\Debug\flexsea_system.o
                0x00003ce4                flexsea_payload_18
 .text.flexsea_payload_19
                0x00003ce8        0x4 .\CortexM3\ARM_GCC_493\Debug\flexsea_system.o
                0x00003ce8                flexsea_payload_19
 .text.flexsea_payload_24
                0x00003cec        0x4 .\CortexM3\ARM_GCC_493\Debug\flexsea_system.o
                0x00003cec                flexsea_payload_24
 .text.flexsea_payload_25
                0x00003cf0        0x4 .\CortexM3\ARM_GCC_493\Debug\flexsea_system.o
                0x00003cf0                flexsea_payload_25
 .text.flexsea_payload_26
                0x00003cf4        0x4 .\CortexM3\ARM_GCC_493\Debug\flexsea_system.o
                0x00003cf4                flexsea_payload_26
 .text.flexsea_payload_27
                0x00003cf8        0x4 .\CortexM3\ARM_GCC_493\Debug\flexsea_system.o
                0x00003cf8                flexsea_payload_27
 .text.flexsea_payload_28
                0x00003cfc        0x4 .\CortexM3\ARM_GCC_493\Debug\flexsea_system.o
                0x00003cfc                flexsea_payload_28
 .text.flexsea_payload_29
                0x00003d00        0x4 .\CortexM3\ARM_GCC_493\Debug\flexsea_system.o
                0x00003d00                flexsea_payload_29
 .text.flexsea_payload_30
                0x00003d04        0x4 .\CortexM3\ARM_GCC_493\Debug\flexsea_system.o
                0x00003d04                flexsea_payload_30
 .text.flexsea_payload_31
                0x00003d08        0x4 .\CortexM3\ARM_GCC_493\Debug\flexsea_system.o
                0x00003d08                flexsea_payload_31
 .text.flexsea_payload_32
                0x00003d0c        0x4 .\CortexM3\ARM_GCC_493\Debug\flexsea_system.o
                0x00003d0c                flexsea_payload_32
 .text.flexsea_payload_33
                0x00003d10        0x4 .\CortexM3\ARM_GCC_493\Debug\flexsea_system.o
                0x00003d10                flexsea_payload_33
 .text.flexsea_payload_34
                0x00003d14        0x4 .\CortexM3\ARM_GCC_493\Debug\flexsea_system.o
                0x00003d14                flexsea_payload_34
 .text.flexsea_payload_35
                0x00003d18        0x4 .\CortexM3\ARM_GCC_493\Debug\flexsea_system.o
                0x00003d18                flexsea_payload_35
 .text.flexsea_payload_36
                0x00003d1c        0x4 .\CortexM3\ARM_GCC_493\Debug\flexsea_system.o
                0x00003d1c                flexsea_payload_36
 .text.flexsea_payload_37
                0x00003d20        0x4 .\CortexM3\ARM_GCC_493\Debug\flexsea_system.o
                0x00003d20                flexsea_payload_37
 .text.flexsea_payload_38
                0x00003d24        0x4 .\CortexM3\ARM_GCC_493\Debug\flexsea_system.o
                0x00003d24                flexsea_payload_38
 .text.flexsea_payload_39
                0x00003d28        0x4 .\CortexM3\ARM_GCC_493\Debug\flexsea_system.o
                0x00003d28                flexsea_payload_39
 .text.flexsea_payload_48
                0x00003d2c        0x4 .\CortexM3\ARM_GCC_493\Debug\flexsea_system.o
                0x00003d2c                flexsea_payload_48
 .text.flexsea_payload_49
                0x00003d30        0x4 .\CortexM3\ARM_GCC_493\Debug\flexsea_system.o
                0x00003d30                flexsea_payload_49
 .text.flexsea_payload_50
                0x00003d34        0x4 .\CortexM3\ARM_GCC_493\Debug\flexsea_system.o
                0x00003d34                flexsea_payload_50
 .text.flexsea_payload_51
                0x00003d38        0x4 .\CortexM3\ARM_GCC_493\Debug\flexsea_system.o
                0x00003d38                flexsea_payload_51
 .text.flexsea_payload_52
                0x00003d3c        0x4 .\CortexM3\ARM_GCC_493\Debug\flexsea_system.o
                0x00003d3c                flexsea_payload_52
 .text.flexsea_payload_53
                0x00003d40        0x4 .\CortexM3\ARM_GCC_493\Debug\flexsea_system.o
                0x00003d40                flexsea_payload_53
 .text.flexsea_payload_54
                0x00003d44        0x4 .\CortexM3\ARM_GCC_493\Debug\flexsea_system.o
                0x00003d44                flexsea_payload_54
 .text.flexsea_payload_55
                0x00003d48        0x4 .\CortexM3\ARM_GCC_493\Debug\flexsea_system.o
                0x00003d48                flexsea_payload_55
 .text.flexsea_payload_56
                0x00003d4c        0x4 .\CortexM3\ARM_GCC_493\Debug\flexsea_system.o
                0x00003d4c                flexsea_payload_56
 .text.flexsea_payload_57
                0x00003d50        0x4 .\CortexM3\ARM_GCC_493\Debug\flexsea_system.o
                0x00003d50                flexsea_payload_57
 .text.flexsea_payload_58
                0x00003d54        0x4 .\CortexM3\ARM_GCC_493\Debug\flexsea_system.o
                0x00003d54                flexsea_payload_58
 .text.flexsea_payload_59
                0x00003d58        0x4 .\CortexM3\ARM_GCC_493\Debug\flexsea_system.o
                0x00003d58                flexsea_payload_59
 .text.flexsea_payload_62
                0x00003d5c        0x4 .\CortexM3\ARM_GCC_493\Debug\flexsea_system.o
                0x00003d5c                flexsea_payload_62
 .text.flexsea_payload_63
                0x00003d60        0x4 .\CortexM3\ARM_GCC_493\Debug\flexsea_system.o
                0x00003d60                flexsea_payload_63
 .text.flexsea_payload_64
                0x00003d64        0x4 .\CortexM3\ARM_GCC_493\Debug\flexsea_system.o
                0x00003d64                flexsea_payload_64
 .text.flexsea_payload_65
                0x00003d68        0x4 .\CortexM3\ARM_GCC_493\Debug\flexsea_system.o
                0x00003d68                flexsea_payload_65
 .text.flexsea_payload_66
                0x00003d6c        0x4 .\CortexM3\ARM_GCC_493\Debug\flexsea_system.o
                0x00003d6c                flexsea_payload_66
 .text.flexsea_payload_67
                0x00003d70        0x4 .\CortexM3\ARM_GCC_493\Debug\flexsea_system.o
                0x00003d70                flexsea_payload_67
 .text.flexsea_payload_68
                0x00003d74        0x4 .\CortexM3\ARM_GCC_493\Debug\flexsea_system.o
                0x00003d74                flexsea_payload_68
 .text.flexsea_payload_69
                0x00003d78        0x4 .\CortexM3\ARM_GCC_493\Debug\flexsea_system.o
                0x00003d78                flexsea_payload_69
 .text.flexsea_payload_70
                0x00003d7c        0x4 .\CortexM3\ARM_GCC_493\Debug\flexsea_system.o
                0x00003d7c                flexsea_payload_70
 .text.flexsea_payload_71
                0x00003d80        0x4 .\CortexM3\ARM_GCC_493\Debug\flexsea_system.o
                0x00003d80                flexsea_payload_71
 .text.flexsea_payload_72
                0x00003d84        0x4 .\CortexM3\ARM_GCC_493\Debug\flexsea_system.o
                0x00003d84                flexsea_payload_72
 .text.flexsea_payload_73
                0x00003d88        0x4 .\CortexM3\ARM_GCC_493\Debug\flexsea_system.o
                0x00003d88                flexsea_payload_73
 .text.flexsea_payload_74
                0x00003d8c        0x4 .\CortexM3\ARM_GCC_493\Debug\flexsea_system.o
                0x00003d8c                flexsea_payload_74
 .text.flexsea_payload_75
                0x00003d90        0x4 .\CortexM3\ARM_GCC_493\Debug\flexsea_system.o
                0x00003d90                flexsea_payload_75
 .text.flexsea_payload_76
                0x00003d94        0x4 .\CortexM3\ARM_GCC_493\Debug\flexsea_system.o
                0x00003d94                flexsea_payload_76
 .text.flexsea_payload_77
                0x00003d98        0x4 .\CortexM3\ARM_GCC_493\Debug\flexsea_system.o
                0x00003d98                flexsea_payload_77
 .text.flexsea_payload_78
                0x00003d9c        0x4 .\CortexM3\ARM_GCC_493\Debug\flexsea_system.o
                0x00003d9c                flexsea_payload_78
 .text.flexsea_payload_79
                0x00003da0        0x4 .\CortexM3\ARM_GCC_493\Debug\flexsea_system.o
                0x00003da0                flexsea_payload_79
 .text.flexsea_payload_88
                0x00003da4        0x4 .\CortexM3\ARM_GCC_493\Debug\flexsea_system.o
                0x00003da4                flexsea_payload_88
 .text.flexsea_payload_89
                0x00003da8        0x4 .\CortexM3\ARM_GCC_493\Debug\flexsea_system.o
                0x00003da8                flexsea_payload_89
 .text.flexsea_payload_91
                0x00003dac        0x4 .\CortexM3\ARM_GCC_493\Debug\flexsea_system.o
                0x00003dac                flexsea_payload_91
 .text.flexsea_payload_92
                0x00003db0        0x4 .\CortexM3\ARM_GCC_493\Debug\flexsea_system.o
                0x00003db0                flexsea_payload_92
 .text.flexsea_payload_93
                0x00003db4        0x4 .\CortexM3\ARM_GCC_493\Debug\flexsea_system.o
                0x00003db4                flexsea_payload_93
 .text.flexsea_payload_94
                0x00003db8        0x4 .\CortexM3\ARM_GCC_493\Debug\flexsea_system.o
                0x00003db8                flexsea_payload_94
 .text.flexsea_payload_95
                0x00003dbc        0x4 .\CortexM3\ARM_GCC_493\Debug\flexsea_system.o
                0x00003dbc                flexsea_payload_95
 .text.flexsea_payload_96
                0x00003dc0        0x4 .\CortexM3\ARM_GCC_493\Debug\flexsea_system.o
                0x00003dc0                flexsea_payload_96
 .text.flexsea_payload_97
                0x00003dc4        0x4 .\CortexM3\ARM_GCC_493\Debug\flexsea_system.o
                0x00003dc4                flexsea_payload_97
 .text.flexsea_payload_98
                0x00003dc8        0x4 .\CortexM3\ARM_GCC_493\Debug\flexsea_system.o
                0x00003dc8                flexsea_payload_98
 .text.flexsea_payload_99
                0x00003dcc        0x4 .\CortexM3\ARM_GCC_493\Debug\flexsea_system.o
                0x00003dcc                flexsea_payload_99
 .text.flexsea_payload_103
                0x00003dd0        0x4 .\CortexM3\ARM_GCC_493\Debug\flexsea_system.o
                0x00003dd0                flexsea_payload_103
 .text.flexsea_payload_104
                0x00003dd4        0x4 .\CortexM3\ARM_GCC_493\Debug\flexsea_system.o
                0x00003dd4                flexsea_payload_104
 .text.flexsea_payload_106
                0x00003dd8        0x4 .\CortexM3\ARM_GCC_493\Debug\flexsea_system.o
                0x00003dd8                flexsea_payload_106
 .text.flexsea_payload_107
                0x00003ddc        0x4 .\CortexM3\ARM_GCC_493\Debug\flexsea_system.o
                0x00003ddc                flexsea_payload_107
 .text.flexsea_payload_108
                0x00003de0        0x4 .\CortexM3\ARM_GCC_493\Debug\flexsea_system.o
                0x00003de0                flexsea_payload_108
 .text.flexsea_payload_109
                0x00003de4        0x4 .\CortexM3\ARM_GCC_493\Debug\flexsea_system.o
                0x00003de4                flexsea_payload_109
 .text.flexsea_payload_110
                0x00003de8        0x4 .\CortexM3\ARM_GCC_493\Debug\flexsea_system.o
                0x00003de8                flexsea_payload_110
 .text.flexsea_payload_111
                0x00003dec        0x4 .\CortexM3\ARM_GCC_493\Debug\flexsea_system.o
                0x00003dec                flexsea_payload_111
 .text.flexsea_payload_112
                0x00003df0        0x4 .\CortexM3\ARM_GCC_493\Debug\flexsea_system.o
                0x00003df0                flexsea_payload_112
 .text.flexsea_payload_113
                0x00003df4        0x4 .\CortexM3\ARM_GCC_493\Debug\flexsea_system.o
                0x00003df4                flexsea_payload_113
 .text.flexsea_payload_114
                0x00003df8        0x4 .\CortexM3\ARM_GCC_493\Debug\flexsea_system.o
                0x00003df8                flexsea_payload_114
 .text.flexsea_payload_115
                0x00003dfc        0x4 .\CortexM3\ARM_GCC_493\Debug\flexsea_system.o
                0x00003dfc                flexsea_payload_115
 .text.flexsea_payload_116
                0x00003e00        0x4 .\CortexM3\ARM_GCC_493\Debug\flexsea_system.o
                0x00003e00                flexsea_payload_116
 .text.flexsea_payload_117
                0x00003e04        0x4 .\CortexM3\ARM_GCC_493\Debug\flexsea_system.o
                0x00003e04                flexsea_payload_117
 .text.flexsea_payload_118
                0x00003e08        0x4 .\CortexM3\ARM_GCC_493\Debug\flexsea_system.o
                0x00003e08                flexsea_payload_118
 .text.flexsea_payload_119
                0x00003e0c        0x4 .\CortexM3\ARM_GCC_493\Debug\flexsea_system.o
                0x00003e0c                flexsea_payload_119
 .text.flexsea_payload_122
                0x00003e10        0x4 .\CortexM3\ARM_GCC_493\Debug\flexsea_system.o
                0x00003e10                flexsea_payload_122
 .text.flexsea_payload_123
                0x00003e14        0x4 .\CortexM3\ARM_GCC_493\Debug\flexsea_system.o
                0x00003e14                flexsea_payload_123
 .text.flexsea_payload_124
                0x00003e18        0x4 .\CortexM3\ARM_GCC_493\Debug\flexsea_system.o
                0x00003e18                flexsea_payload_124
 .text.flexsea_payload_125
                0x00003e1c        0x4 .\CortexM3\ARM_GCC_493\Debug\flexsea_system.o
                0x00003e1c                flexsea_payload_125
 .text.flexsea_payload_126
                0x00003e20        0x4 .\CortexM3\ARM_GCC_493\Debug\flexsea_system.o
                0x00003e20                flexsea_payload_126
 .text.flexsea_payload_127
                0x00003e24        0x4 .\CortexM3\ARM_GCC_493\Debug\flexsea_system.o
                0x00003e24                flexsea_payload_127
 .text.tx_cmd_data_acqui
                0x00003e28       0x44 .\CortexM3\ARM_GCC_493\Debug\flexsea_cmd_data.o
                0x00003e28                tx_cmd_data_acqui
 .text.flexsea_payload_21
                0x00003e6c       0x48 .\CortexM3\ARM_GCC_493\Debug\flexsea_cmd_data.o
                0x00003e6c                flexsea_payload_21
 .text.tx_cmd_data_read_all
                0x00003eb4      0x1c0 .\CortexM3\ARM_GCC_493\Debug\flexsea_cmd_data.o
                0x00003eb4                tx_cmd_data_read_all
 .text.flexsea_payload_22
                0x00004074       0x48 .\CortexM3\ARM_GCC_493\Debug\flexsea_cmd_data.o
                0x00004074                flexsea_payload_22
 .text.tx_cmd_data_read_all_ricnu
                0x000040bc      0x204 .\CortexM3\ARM_GCC_493\Debug\flexsea_cmd_data.o
                0x000040bc                tx_cmd_data_read_all_ricnu
 .text.flexsea_payload_105
                0x000042c0       0x48 .\CortexM3\ARM_GCC_493\Debug\flexsea_cmd_data.o
                0x000042c0                flexsea_payload_105
 .text.flexsea_payload_23
                0x00004308       0x14 .\CortexM3\ARM_GCC_493\Debug\flexsea_cmd_data.o
                0x00004308                flexsea_payload_23
 .text.flexsea_clear_slave_read_buffer
                0x0000431c       0x18 .\CortexM3\ARM_GCC_493\Debug\flexsea_board.o
                0x0000431c                flexsea_clear_slave_read_buffer
 .text.rs485_reply_ready
                0x00004334       0x40 .\CortexM3\ARM_GCC_493\Debug\flexsea_board.o
                0x00004334                rs485_reply_ready
 .text.IntDefaultHandler
                0x00004374        0x4 .\CortexM3\ARM_GCC_493\Debug\Cm3Start.o
                0x00004374                IntDefaultHandler
 .text.Start_c  0x00004378       0x4c .\CortexM3\ARM_GCC_493\Debug\Cm3Start.o
                0x00004378                Start_c
 .text.initialize_psoc
                0x000043c4       0x78 .\CortexM3\ARM_GCC_493\Debug\Cm3Start.o
                0x000043c4                initialize_psoc
 .text.CyClockStartupError
                0x0000443c        0x4 .\CortexM3\ARM_GCC_493\Debug\execute_1_0.a(cyfitter_cfg.o)
 .text.cfg_write_bytes32
                0x00004440       0x34 .\CortexM3\ARM_GCC_493\Debug\execute_1_0.a(cyfitter_cfg.o)
 .text.AnalogSetDefault
                0x00004474       0xbc .\CortexM3\ARM_GCC_493\Debug\execute_1_0.a(cyfitter_cfg.o)
 .text.CYMEMZERO
                0x00004530        0xc .\CortexM3\ARM_GCC_493\Debug\execute_1_0.a(cyfitter_cfg.o)
 .text.CYCONFIGCPY
                0x0000453c        0x8 .\CortexM3\ARM_GCC_493\Debug\execute_1_0.a(cyfitter_cfg.o)
 .text.ClockSetup
                0x00004544      0x170 .\CortexM3\ARM_GCC_493\Debug\execute_1_0.a(cyfitter_cfg.o)
 .text.AMux_1_Set
                0x000046b4       0x60 .\CortexM3\ARM_GCC_493\Debug\execute_1_0.a(cyfitter_cfg.o)
                0x000046b4                AMux_1_Set
 .text.AMux_1_Unset
                0x00004714       0x64 .\CortexM3\ARM_GCC_493\Debug\execute_1_0.a(cyfitter_cfg.o)
                0x00004714                AMux_1_Unset
 .text.cyfitter_cfg
                0x00004778      0x210 .\CortexM3\ARM_GCC_493\Debug\execute_1_0.a(cyfitter_cfg.o)
                0x00004778                cyfitter_cfg
 .text.ADC_SAR_2_CalcGain
                0x00004988       0x64 .\CortexM3\ARM_GCC_493\Debug\execute_1_0.a(ADC_SAR_2.o)
 .text.ADC_SAR_2_Enable
                0x000049ec       0x80 .\CortexM3\ARM_GCC_493\Debug\execute_1_0.a(ADC_SAR_2.o)
                0x000049ec                ADC_SAR_2_Enable
 .text.ADC_SAR_2_SetResolution
                0x00004a6c       0x38 .\CortexM3\ARM_GCC_493\Debug\execute_1_0.a(ADC_SAR_2.o)
                0x00004a6c                ADC_SAR_2_SetResolution
 .text.ADC_SAR_2_Init
                0x00004aa4       0x38 .\CortexM3\ARM_GCC_493\Debug\execute_1_0.a(ADC_SAR_2.o)
                0x00004aa4                ADC_SAR_2_Init
 .text.ADC_SAR_2_Start
                0x00004adc       0x1c .\CortexM3\ARM_GCC_493\Debug\execute_1_0.a(ADC_SAR_2.o)
                0x00004adc                ADC_SAR_2_Start
 .text.ADC_SAR_2_ISR
                0x00004af8        0x4 .\CortexM3\ARM_GCC_493\Debug\execute_1_0.a(ADC_SAR_2_INT.o)
                0x00004af8                ADC_SAR_2_ISR
 .text.Opamp_1_Enable
                0x00004afc       0x28 .\CortexM3\ARM_GCC_493\Debug\execute_1_0.a(Opamp_1.o)
                0x00004afc                Opamp_1_Enable
 .text.Opamp_1_SetPower
                0x00004b24       0x1c .\CortexM3\ARM_GCC_493\Debug\execute_1_0.a(Opamp_1.o)
                0x00004b24                Opamp_1_SetPower
 .text.Opamp_1_Init
                0x00004b40        0xc .\CortexM3\ARM_GCC_493\Debug\execute_1_0.a(Opamp_1.o)
                0x00004b40                Opamp_1_Init
 .text.Opamp_1_Start
                0x00004b4c       0x1c .\CortexM3\ARM_GCC_493\Debug\execute_1_0.a(Opamp_1.o)
                0x00004b4c                Opamp_1_Start
 .text.DMA_3_DmaInitialize
                0x00004b68       0x40 .\CortexM3\ARM_GCC_493\Debug\execute_1_0.a(DMA_3_dma.o)
                0x00004b68                DMA_3_DmaInitialize
 .text.QuadDec_1_Init
                0x00004ba8       0x24 .\CortexM3\ARM_GCC_493\Debug\execute_1_0.a(QuadDec_1.o)
                0x00004ba8                QuadDec_1_Init
 .text.QuadDec_1_GetCounter
                0x00004bcc       0x2c .\CortexM3\ARM_GCC_493\Debug\execute_1_0.a(QuadDec_1.o)
                0x00004bcc                QuadDec_1_GetCounter
 .text.QuadDec_1_SetCounter
                0x00004bf8       0x28 .\CortexM3\ARM_GCC_493\Debug\execute_1_0.a(QuadDec_1.o)
                0x00004bf8                QuadDec_1_SetCounter
 .text.QuadDec_1_GetEvents
                0x00004c20       0x10 .\CortexM3\ARM_GCC_493\Debug\execute_1_0.a(QuadDec_1.o)
                0x00004c20                QuadDec_1_GetEvents
 .text.QuadDec_1_SetInterruptMask
                0x00004c30       0x10 .\CortexM3\ARM_GCC_493\Debug\execute_1_0.a(QuadDec_1.o)
                0x00004c30                QuadDec_1_SetInterruptMask
 .text.QuadDec_1_Enable
                0x00004c40       0x30 .\CortexM3\ARM_GCC_493\Debug\execute_1_0.a(QuadDec_1.o)
                0x00004c40                QuadDec_1_Enable
 .text.QuadDec_1_Start
                0x00004c70       0x34 .\CortexM3\ARM_GCC_493\Debug\execute_1_0.a(QuadDec_1.o)
                0x00004c70                QuadDec_1_Start
 .text.QuadDec_1_ISR
                0x00004ca4       0x40 .\CortexM3\ARM_GCC_493\Debug\execute_1_0.a(QuadDec_1_INT.o)
                0x00004ca4                QuadDec_1_ISR
 .text.isr_dma_uart_rx_Interrupt
                0x00004ce4        0x8 .\CortexM3\ARM_GCC_493\Debug\execute_1_0.a(isr_dma_uart_rx.o)
                0x00004ce4                isr_dma_uart_rx_Interrupt
 .text.isr_dma_uart_rx_SetVector
                0x00004cec        0xc .\CortexM3\ARM_GCC_493\Debug\execute_1_0.a(isr_dma_uart_rx.o)
                0x00004cec                isr_dma_uart_rx_SetVector
 .text.isr_dma_uart_rx_SetPriority
                0x00004cf8       0x10 .\CortexM3\ARM_GCC_493\Debug\execute_1_0.a(isr_dma_uart_rx.o)
                0x00004cf8                isr_dma_uart_rx_SetPriority
 .text.isr_dma_uart_rx_Enable
                0x00004d08       0x10 .\CortexM3\ARM_GCC_493\Debug\execute_1_0.a(isr_dma_uart_rx.o)
                0x00004d08                isr_dma_uart_rx_Enable
 .text.isr_dma_uart_rx_Disable
                0x00004d18       0x10 .\CortexM3\ARM_GCC_493\Debug\execute_1_0.a(isr_dma_uart_rx.o)
                0x00004d18                isr_dma_uart_rx_Disable
 .text.isr_dma_uart_rx_Start
                0x00004d28       0x1c .\CortexM3\ARM_GCC_493\Debug\execute_1_0.a(isr_dma_uart_rx.o)
                0x00004d28                isr_dma_uart_rx_Start
 .text.DMA_4_DmaInitialize
                0x00004d44       0x40 .\CortexM3\ARM_GCC_493\Debug\execute_1_0.a(DMA_4_dma.o)
                0x00004d44                DMA_4_DmaInitialize
 .text.UART_DMA_XMIT_Write
                0x00004d84        0xc .\CortexM3\ARM_GCC_493\Debug\execute_1_0.a(UART_DMA_XMIT.o)
                0x00004d84                UART_DMA_XMIT_Write
 .text.isr_dma_uart_tx_Interrupt
                0x00004d90        0x8 .\CortexM3\ARM_GCC_493\Debug\execute_1_0.a(isr_dma_uart_tx.o)
                0x00004d90                isr_dma_uart_tx_Interrupt
 .text.isr_dma_uart_tx_SetVector
                0x00004d98        0xc .\CortexM3\ARM_GCC_493\Debug\execute_1_0.a(isr_dma_uart_tx.o)
                0x00004d98                isr_dma_uart_tx_SetVector
 .text.isr_dma_uart_tx_SetPriority
                0x00004da4       0x10 .\CortexM3\ARM_GCC_493\Debug\execute_1_0.a(isr_dma_uart_tx.o)
                0x00004da4                isr_dma_uart_tx_SetPriority
 .text.isr_dma_uart_tx_Enable
                0x00004db4       0x10 .\CortexM3\ARM_GCC_493\Debug\execute_1_0.a(isr_dma_uart_tx.o)
                0x00004db4                isr_dma_uart_tx_Enable
 .text.isr_dma_uart_tx_Disable
                0x00004dc4       0x10 .\CortexM3\ARM_GCC_493\Debug\execute_1_0.a(isr_dma_uart_tx.o)
                0x00004dc4                isr_dma_uart_tx_Disable
 .text.isr_dma_uart_tx_Start
                0x00004dd4       0x1c .\CortexM3\ARM_GCC_493\Debug\execute_1_0.a(isr_dma_uart_tx.o)
                0x00004dd4                isr_dma_uart_tx_Start
 .text.LED_HB_Write
                0x00004df0       0x18 .\CortexM3\ARM_GCC_493\Debug\execute_1_0.a(LED_HB.o)
                0x00004df0                LED_HB_Write
 .text.LED_R_Write
                0x00004e08       0x18 .\CortexM3\ARM_GCC_493\Debug\execute_1_0.a(LED_R.o)
                0x00004e08                LED_R_Write
 .text.Timer_2_Enable
                0x00004e20       0x28 .\CortexM3\ARM_GCC_493\Debug\execute_1_0.a(Timer_2.o)
                0x00004e20                Timer_2_Enable
 .text.Timer_2_SetInterruptMode
                0x00004e48        0xc .\CortexM3\ARM_GCC_493\Debug\execute_1_0.a(Timer_2.o)
                0x00004e48                Timer_2_SetInterruptMode
 .text.Timer_2_ReadStatusRegister
                0x00004e54        0xc .\CortexM3\ARM_GCC_493\Debug\execute_1_0.a(Timer_2.o)
                0x00004e54                Timer_2_ReadStatusRegister
 .text.Timer_2_WritePeriod
                0x00004e60        0xc .\CortexM3\ARM_GCC_493\Debug\execute_1_0.a(Timer_2.o)
                0x00004e60                Timer_2_WritePeriod
 .text.Timer_2_WriteCounter
                0x00004e6c        0xc .\CortexM3\ARM_GCC_493\Debug\execute_1_0.a(Timer_2.o)
                0x00004e6c                Timer_2_WriteCounter
 .text.Timer_2_Init
                0x00004e78       0x70 .\CortexM3\ARM_GCC_493\Debug\execute_1_0.a(Timer_2.o)
                0x00004e78                Timer_2_Init
 .text.Timer_2_Start
                0x00004ee8       0x1c .\CortexM3\ARM_GCC_493\Debug\execute_1_0.a(Timer_2.o)
                0x00004ee8                Timer_2_Start
 .text.VDAC8_1_Enable
                0x00004f04       0x1c .\CortexM3\ARM_GCC_493\Debug\execute_1_0.a(VDAC8_1.o)
                0x00004f04                VDAC8_1_Enable
 .text.VDAC8_1_SetSpeed
                0x00004f20       0x1c .\CortexM3\ARM_GCC_493\Debug\execute_1_0.a(VDAC8_1.o)
                0x00004f20                VDAC8_1_SetSpeed
 .text.VDAC8_1_SetValue
                0x00004f3c        0xc .\CortexM3\ARM_GCC_493\Debug\execute_1_0.a(VDAC8_1.o)
                0x00004f3c                VDAC8_1_SetValue
 .text.VDAC8_1_DacTrim
                0x00004f48       0x24 .\CortexM3\ARM_GCC_493\Debug\execute_1_0.a(VDAC8_1.o)
                0x00004f48                VDAC8_1_DacTrim
 .text.VDAC8_1_SetRange
                0x00004f6c       0x20 .\CortexM3\ARM_GCC_493\Debug\execute_1_0.a(VDAC8_1.o)
                0x00004f6c                VDAC8_1_SetRange
 .text.VDAC8_1_Init
                0x00004f8c       0x20 .\CortexM3\ARM_GCC_493\Debug\execute_1_0.a(VDAC8_1.o)
                0x00004f8c                VDAC8_1_Init
 .text.VDAC8_1_Start
                0x00004fac       0x24 .\CortexM3\ARM_GCC_493\Debug\execute_1_0.a(VDAC8_1.o)
                0x00004fac                VDAC8_1_Start
 .text.DMA_1_DmaInitialize
                0x00004fd0       0x40 .\CortexM3\ARM_GCC_493\Debug\execute_1_0.a(DMA_1_dma.o)
                0x00004fd0                DMA_1_DmaInitialize
 .text.isr_sar2_dma_Interrupt
                0x00005010        0x8 .\CortexM3\ARM_GCC_493\Debug\execute_1_0.a(isr_sar2_dma.o)
                0x00005010                isr_sar2_dma_Interrupt
 .text.isr_sar2_dma_SetVector
                0x00005018        0xc .\CortexM3\ARM_GCC_493\Debug\execute_1_0.a(isr_sar2_dma.o)
                0x00005018                isr_sar2_dma_SetVector
 .text.isr_sar2_dma_SetPriority
                0x00005024       0x10 .\CortexM3\ARM_GCC_493\Debug\execute_1_0.a(isr_sar2_dma.o)
                0x00005024                isr_sar2_dma_SetPriority
 .text.isr_sar2_dma_Enable
                0x00005034       0x10 .\CortexM3\ARM_GCC_493\Debug\execute_1_0.a(isr_sar2_dma.o)
                0x00005034                isr_sar2_dma_Enable
 .text.isr_sar2_dma_Disable
                0x00005044       0x10 .\CortexM3\ARM_GCC_493\Debug\execute_1_0.a(isr_sar2_dma.o)
                0x00005044                isr_sar2_dma_Disable
 .text.isr_sar2_dma_Start
                0x00005054       0x1c .\CortexM3\ARM_GCC_493\Debug\execute_1_0.a(isr_sar2_dma.o)
                0x00005054                isr_sar2_dma_Start
 .text.isr_t2_Interrupt
                0x00005070        0x8 .\CortexM3\ARM_GCC_493\Debug\execute_1_0.a(isr_t2.o)
                0x00005070                isr_t2_Interrupt
 .text.isr_t2_SetVector
                0x00005078       0x10 .\CortexM3\ARM_GCC_493\Debug\execute_1_0.a(isr_t2.o)
                0x00005078                isr_t2_SetVector
 .text.isr_t2_SetPriority
                0x00005088       0x10 .\CortexM3\ARM_GCC_493\Debug\execute_1_0.a(isr_t2.o)
                0x00005088                isr_t2_SetPriority
 .text.isr_t2_Enable
                0x00005098       0x10 .\CortexM3\ARM_GCC_493\Debug\execute_1_0.a(isr_t2.o)
                0x00005098                isr_t2_Enable
 .text.isr_t2_Disable
                0x000050a8       0x10 .\CortexM3\ARM_GCC_493\Debug\execute_1_0.a(isr_t2.o)
                0x000050a8                isr_t2_Disable
 .text.isr_t2_Start
                0x000050b8       0x1c .\CortexM3\ARM_GCC_493\Debug\execute_1_0.a(isr_t2.o)
                0x000050b8                isr_t2_Start
 .text.isr_t2_ClearPending
                0x000050d4       0x10 .\CortexM3\ARM_GCC_493\Debug\execute_1_0.a(isr_t2.o)
                0x000050d4                isr_t2_ClearPending
 .text.T2_RESET_Write
                0x000050e4        0xc .\CortexM3\ARM_GCC_493\Debug\execute_1_0.a(T2_RESET.o)
                0x000050e4                T2_RESET_Write
 .text.Coast_Brake_Write
                0x000050f0        0xc .\CortexM3\ARM_GCC_493\Debug\execute_1_0.a(Coast_Brake.o)
                0x000050f0                Coast_Brake_Write
 .text.USBUART_1_Init
                0x000050fc      0x154 .\CortexM3\ARM_GCC_493\Debug\execute_1_0.a(USBUART_1.o)
                0x000050fc                USBUART_1_Init
 .text.USBUART_1_InitComponent
                0x00005250       0xd8 .\CortexM3\ARM_GCC_493\Debug\execute_1_0.a(USBUART_1.o)
                0x00005250                USBUART_1_InitComponent
 .text.USBUART_1_Start
                0x00005328       0x24 .\CortexM3\ARM_GCC_493\Debug\execute_1_0.a(USBUART_1.o)
                0x00005328                USBUART_1_Start
 .text.USBUART_1_ReInitComponent
                0x0000534c       0x64 .\CortexM3\ARM_GCC_493\Debug\execute_1_0.a(USBUART_1.o)
                0x0000534c                USBUART_1_ReInitComponent
 .text.USBUART_1_GetConfiguration
                0x000053b0        0xc .\CortexM3\ARM_GCC_493\Debug\execute_1_0.a(USBUART_1.o)
                0x000053b0                USBUART_1_GetConfiguration
 .text.USBUART_1_GetEPCount
                0x000053bc       0x2c .\CortexM3\ARM_GCC_493\Debug\execute_1_0.a(USBUART_1.o)
                0x000053bc                USBUART_1_GetEPCount
 .text.USBUART_1_InitEP_DMA
                0x000053e8       0x78 .\CortexM3\ARM_GCC_493\Debug\execute_1_0.a(USBUART_1.o)
                0x000053e8                USBUART_1_InitEP_DMA
 .text.USBUART_1_LoadInEP
                0x00005460      0x10c .\CortexM3\ARM_GCC_493\Debug\execute_1_0.a(USBUART_1.o)
                0x00005460                USBUART_1_LoadInEP
 .text.USBUART_1_ReadOutEP
                0x0000556c       0xb0 .\CortexM3\ARM_GCC_493\Debug\execute_1_0.a(USBUART_1.o)
                0x0000556c                USBUART_1_ReadOutEP
 .text.USBUART_1_EnableOutEP
                0x0000561c       0x30 .\CortexM3\ARM_GCC_493\Debug\execute_1_0.a(USBUART_1.o)
                0x0000561c                USBUART_1_EnableOutEP
 .text.USBUART_1_DispatchCDCClassRqst
                0x0000564c       0x9c .\CortexM3\ARM_GCC_493\Debug\execute_1_0.a(USBUART_1_cdc.o)
                0x0000564c                USBUART_1_DispatchCDCClassRqst
 .text.USBUART_1_CDC_Init
                0x000056e8       0x1c .\CortexM3\ARM_GCC_493\Debug\execute_1_0.a(USBUART_1_cdc.o)
                0x000056e8                USBUART_1_CDC_Init
 .text.USBUART_1_PutData
                0x00005704       0x48 .\CortexM3\ARM_GCC_493\Debug\execute_1_0.a(USBUART_1_cdc.o)
                0x00005704                USBUART_1_PutData
 .text.USBUART_1_DataIsReady
                0x0000574c       0x1c .\CortexM3\ARM_GCC_493\Debug\execute_1_0.a(USBUART_1_cdc.o)
                0x0000574c                USBUART_1_DataIsReady
 .text.USBUART_1_CDCIsReady
                0x00005768       0x1c .\CortexM3\ARM_GCC_493\Debug\execute_1_0.a(USBUART_1_cdc.o)
                0x00005768                USBUART_1_CDCIsReady
 .text.USBUART_1_GetAll
                0x00005784       0x28 .\CortexM3\ARM_GCC_493\Debug\execute_1_0.a(USBUART_1_cdc.o)
                0x00005784                USBUART_1_GetAll
 .text.USBUART_1_LoadEP0
                0x000057ac       0x98 .\CortexM3\ARM_GCC_493\Debug\execute_1_0.a(USBUART_1_drv.o)
                0x000057ac                USBUART_1_LoadEP0
 .text.USBUART_1_InitZeroLengthControlTransfer
                0x00005844       0x34 .\CortexM3\ARM_GCC_493\Debug\execute_1_0.a(USBUART_1_drv.o)
                0x00005844                USBUART_1_InitZeroLengthControlTransfer
 .text.USBUART_1_ControlReadDataStage
                0x00005878        0x8 .\CortexM3\ARM_GCC_493\Debug\execute_1_0.a(USBUART_1_drv.o)
                0x00005878                USBUART_1_ControlReadDataStage
 .text.USBUART_1_ControlWriteDataStage
                0x00005880       0x84 .\CortexM3\ARM_GCC_493\Debug\execute_1_0.a(USBUART_1_drv.o)
                0x00005880                USBUART_1_ControlWriteDataStage
 .text.USBUART_1_InitNoDataControlTransfer
                0x00005904       0x2c .\CortexM3\ARM_GCC_493\Debug\execute_1_0.a(USBUART_1_drv.o)
                0x00005904                USBUART_1_InitNoDataControlTransfer
 .text.USBUART_1_UpdateStatusBlock
                0x00005930       0x24 .\CortexM3\ARM_GCC_493\Debug\execute_1_0.a(USBUART_1_drv.o)
                0x00005930                USBUART_1_UpdateStatusBlock
 .text.USBUART_1_HandleSetup
                0x00005954       0x5c .\CortexM3\ARM_GCC_493\Debug\execute_1_0.a(USBUART_1_drv.o)
                0x00005954                USBUART_1_HandleSetup
 .text.USBUART_1_ControlReadStatusStage
                0x000059b0       0x34 .\CortexM3\ARM_GCC_493\Debug\execute_1_0.a(USBUART_1_drv.o)
                0x000059b0                USBUART_1_ControlReadStatusStage
 .text.USBUART_1_HandleOUT
                0x000059e4       0x38 .\CortexM3\ARM_GCC_493\Debug\execute_1_0.a(USBUART_1_drv.o)
                0x000059e4                USBUART_1_HandleOUT
 .text.USBUART_1_ControlWriteStatusStage
                0x00005a1c       0x20 .\CortexM3\ARM_GCC_493\Debug\execute_1_0.a(USBUART_1_drv.o)
                0x00005a1c                USBUART_1_ControlWriteStatusStage
 .text.USBUART_1_NoDataControlStatusStage
                0x00005a3c       0x40 .\CortexM3\ARM_GCC_493\Debug\execute_1_0.a(USBUART_1_drv.o)
                0x00005a3c                USBUART_1_NoDataControlStatusStage
 .text.USBUART_1_HandleIN
                0x00005a7c       0x2c .\CortexM3\ARM_GCC_493\Debug\execute_1_0.a(USBUART_1_drv.o)
                0x00005a7c                USBUART_1_HandleIN
 .text.USBUART_1_EP_0_ISR
                0x00005aa8       0xb8 .\CortexM3\ARM_GCC_493\Debug\execute_1_0.a(USBUART_1_drv.o)
                0x00005aa8                USBUART_1_EP_0_ISR
 .text.USBUART_1_InitializeStatusBlock
                0x00005b60       0x24 .\CortexM3\ARM_GCC_493\Debug\execute_1_0.a(USBUART_1_drv.o)
                0x00005b60                USBUART_1_InitializeStatusBlock
 .text.USBUART_1_InitControlRead
                0x00005b84       0x54 .\CortexM3\ARM_GCC_493\Debug\execute_1_0.a(USBUART_1_drv.o)
                0x00005b84                USBUART_1_InitControlRead
 .text.USBUART_1_InitControlWrite
                0x00005bd8       0x4c .\CortexM3\ARM_GCC_493\Debug\execute_1_0.a(USBUART_1_drv.o)
                0x00005bd8                USBUART_1_InitControlWrite
 .text.USBUART_1_EP_1_ISR
                0x00005c24       0x38 .\CortexM3\ARM_GCC_493\Debug\execute_1_0.a(USBUART_1_episr.o)
                0x00005c24                USBUART_1_EP_1_ISR
 .text.USBUART_1_EP_2_ISR
                0x00005c5c       0x38 .\CortexM3\ARM_GCC_493\Debug\execute_1_0.a(USBUART_1_episr.o)
                0x00005c5c                USBUART_1_EP_2_ISR
 .text.USBUART_1_EP_3_ISR
                0x00005c94       0x40 .\CortexM3\ARM_GCC_493\Debug\execute_1_0.a(USBUART_1_episr.o)
                0x00005c94                USBUART_1_EP_3_ISR
 .text.USBUART_1_SOF_ISR
                0x00005cd4        0x4 .\CortexM3\ARM_GCC_493\Debug\execute_1_0.a(USBUART_1_episr.o)
                0x00005cd4                USBUART_1_SOF_ISR
 .text.USBUART_1_BUS_RESET_ISR
                0x00005cd8        0x8 .\CortexM3\ARM_GCC_493\Debug\execute_1_0.a(USBUART_1_episr.o)
                0x00005cd8                USBUART_1_BUS_RESET_ISR
 .text.USBUART_1_ARB_ISR
                0x00005ce0       0xb0 .\CortexM3\ARM_GCC_493\Debug\execute_1_0.a(USBUART_1_episr.o)
                0x00005ce0                USBUART_1_ARB_ISR
 .text.USBUART_1_FindHidClassDecriptor
                0x00005d90       0x40 .\CortexM3\ARM_GCC_493\Debug\execute_1_0.a(USBUART_1_hid.o)
                0x00005d90                USBUART_1_FindHidClassDecriptor
 .text.USBUART_1_FindReportDescriptor
                0x00005dd0       0x48 .\CortexM3\ARM_GCC_493\Debug\execute_1_0.a(USBUART_1_hid.o)
                0x00005dd0                USBUART_1_FindReportDescriptor
 .text.USBUART_1_FindReport
                0x00005e18       0x88 .\CortexM3\ARM_GCC_493\Debug\execute_1_0.a(USBUART_1_hid.o)
                0x00005e18                USBUART_1_FindReport
 .text.USBUART_1_DispatchHIDClassRqst
                0x00005ea0      0x1a4 .\CortexM3\ARM_GCC_493\Debug\execute_1_0.a(USBUART_1_hid.o)
                0x00005ea0                USBUART_1_DispatchHIDClassRqst
 .text.USBUART_1_ReadDieID
                0x00006044       0x60 .\CortexM3\ARM_GCC_493\Debug\execute_1_0.a(USBUART_1_std.o)
                0x00006044                USBUART_1_ReadDieID
 .text.USBUART_1_ConfigReg
                0x000060a4       0xe0 .\CortexM3\ARM_GCC_493\Debug\execute_1_0.a(USBUART_1_std.o)
                0x000060a4                USBUART_1_ConfigReg
 .text.USBUART_1_GetConfigTablePtr
                0x00006184       0x28 .\CortexM3\ARM_GCC_493\Debug\execute_1_0.a(USBUART_1_std.o)
                0x00006184                USBUART_1_GetConfigTablePtr
 .text.USBUART_1_ConfigAltChanged
                0x000061ac      0x158 .\CortexM3\ARM_GCC_493\Debug\execute_1_0.a(USBUART_1_std.o)
                0x000061ac                USBUART_1_ConfigAltChanged
 .text.USBUART_1_GetDeviceTablePtr
                0x00006304       0x18 .\CortexM3\ARM_GCC_493\Debug\execute_1_0.a(USBUART_1_std.o)
                0x00006304                USBUART_1_GetDeviceTablePtr
 .text.USBUART_1_GetInterfaceClassTablePtr
                0x0000631c       0x24 .\CortexM3\ARM_GCC_493\Debug\execute_1_0.a(USBUART_1_std.o)
                0x0000631c                USBUART_1_GetInterfaceClassTablePtr
 .text.USBUART_1_Config
                0x00006340      0x204 .\CortexM3\ARM_GCC_493\Debug\execute_1_0.a(USBUART_1_std.o)
                0x00006340                USBUART_1_Config
 .text.USBUART_1_SetEndpointHalt
                0x00006544       0x60 .\CortexM3\ARM_GCC_493\Debug\execute_1_0.a(USBUART_1_std.o)
                0x00006544                USBUART_1_SetEndpointHalt
 .text.USBUART_1_ClearEndpointHalt
                0x000065a4       0xa4 .\CortexM3\ARM_GCC_493\Debug\execute_1_0.a(USBUART_1_std.o)
                0x000065a4                USBUART_1_ClearEndpointHalt
 .text.USBUART_1_ValidateAlternateSetting
                0x00006648       0x54 .\CortexM3\ARM_GCC_493\Debug\execute_1_0.a(USBUART_1_std.o)
                0x00006648                USBUART_1_ValidateAlternateSetting
 .text.USBUART_1_HandleStandardRqst
                0x0000669c      0x394 .\CortexM3\ARM_GCC_493\Debug\execute_1_0.a(USBUART_1_std.o)
                0x0000669c                USBUART_1_HandleStandardRqst
 .text.USBUART_1_HandleVendorRqst
                0x00006a30       0x40 .\CortexM3\ARM_GCC_493\Debug\execute_1_0.a(USBUART_1_vnd.o)
                0x00006a30                USBUART_1_HandleVendorRqst
 .text.MotorDirection_Write
                0x00006a70        0xc .\CortexM3\ARM_GCC_493\Debug\execute_1_0.a(MotorDirection.o)
                0x00006a70                MotorDirection_Write
 .text.MotorDirection_Read
                0x00006a7c        0xc .\CortexM3\ARM_GCC_493\Debug\execute_1_0.a(MotorDirection.o)
                0x00006a7c                MotorDirection_Read
 .text.ADC_DelSig_1_StartConvert
                0x00006a88       0x10 .\CortexM3\ARM_GCC_493\Debug\execute_1_0.a(ADC_DelSig_1.o)
                0x00006a88                ADC_DelSig_1_StartConvert
 .text.I2C_0_Init
                0x00006a98       0x68 .\CortexM3\ARM_GCC_493\Debug\execute_1_0.a(I2C_0.o)
                0x00006a98                I2C_0_Init
 .text.I2C_0_Enable
                0x00006b00       0x24 .\CortexM3\ARM_GCC_493\Debug\execute_1_0.a(I2C_0.o)
                0x00006b00                I2C_0_Enable
 .text.I2C_0_Start
                0x00006b24       0x28 .\CortexM3\ARM_GCC_493\Debug\execute_1_0.a(I2C_0.o)
                0x00006b24                I2C_0_Start
 .text.I2C_0_ISR
                0x00006b4c      0x2cc .\CortexM3\ARM_GCC_493\Debug\execute_1_0.a(I2C_0_INT.o)
                0x00006b4c                I2C_0_ISR
 .text.I2C_0_MasterWriteBuf
                0x00006e18       0xcc .\CortexM3\ARM_GCC_493\Debug\execute_1_0.a(I2C_0_MASTER.o)
                0x00006e18                I2C_0_MasterWriteBuf
 .text.I2C_0_MasterReadBuf
                0x00006ee4       0xd0 .\CortexM3\ARM_GCC_493\Debug\execute_1_0.a(I2C_0_MASTER.o)
                0x00006ee4                I2C_0_MasterReadBuf
 .text.I2C_0_MasterSendStart
                0x00006fb4       0x80 .\CortexM3\ARM_GCC_493\Debug\execute_1_0.a(I2C_0_MASTER.o)
                0x00006fb4                I2C_0_MasterSendStart
 .text.C8M_GetDividerRegister
                0x00007034        0xc .\CortexM3\ARM_GCC_493\Debug\execute_1_0.a(C8M.o)
                0x00007034                C8M_GetDividerRegister
 .text.C8M_GetSourceRegister
                0x00007040       0x10 .\CortexM3\ARM_GCC_493\Debug\execute_1_0.a(C8M.o)
                0x00007040                C8M_GetSourceRegister
 .text.C8M_SetDividerRegister
                0x00007050       0xdc .\CortexM3\ARM_GCC_493\Debug\execute_1_0.a(C8M.o)
                0x00007050                C8M_SetDividerRegister
 .text.PWM_2_Enable
                0x0000712c       0x28 .\CortexM3\ARM_GCC_493\Debug\execute_1_0.a(PWM_2.o)
                0x0000712c                PWM_2_Enable
 .text.PWM_2_WritePeriod
                0x00007154        0xc .\CortexM3\ARM_GCC_493\Debug\execute_1_0.a(PWM_2.o)
                0x00007154                PWM_2_WritePeriod
 .text.PWM_2_WriteCompare
                0x00007160        0xc .\CortexM3\ARM_GCC_493\Debug\execute_1_0.a(PWM_2.o)
                0x00007160                PWM_2_WriteCompare
 .text.PWM_2_SetInterruptMode
                0x0000716c        0xc .\CortexM3\ARM_GCC_493\Debug\execute_1_0.a(PWM_2.o)
                0x0000716c                PWM_2_SetInterruptMode
 .text.PWM_2_Init
                0x00007178       0x74 .\CortexM3\ARM_GCC_493\Debug\execute_1_0.a(PWM_2.o)
                0x00007178                PWM_2_Init
 .text.PWM_2_Start
                0x000071ec       0x1c .\CortexM3\ARM_GCC_493\Debug\execute_1_0.a(PWM_2.o)
                0x000071ec                PWM_2_Start
 .text.DMA_5_DmaInitialize
                0x00007208       0x40 .\CortexM3\ARM_GCC_493\Debug\execute_1_0.a(DMA_5_dma.o)
                0x00007208                DMA_5_DmaInitialize
 .text.isr_t1_Interrupt
                0x00007248        0x8 .\CortexM3\ARM_GCC_493\Debug\execute_1_0.a(isr_t1.o)
                0x00007248                isr_t1_Interrupt
 .text.isr_t1_SetVector
                0x00007250       0x10 .\CortexM3\ARM_GCC_493\Debug\execute_1_0.a(isr_t1.o)
                0x00007250                isr_t1_SetVector
 .text.isr_t1_SetPriority
                0x00007260       0x10 .\CortexM3\ARM_GCC_493\Debug\execute_1_0.a(isr_t1.o)
                0x00007260                isr_t1_SetPriority
 .text.isr_t1_Enable
                0x00007270       0x10 .\CortexM3\ARM_GCC_493\Debug\execute_1_0.a(isr_t1.o)
                0x00007270                isr_t1_Enable
 .text.isr_t1_Disable
                0x00007280       0x10 .\CortexM3\ARM_GCC_493\Debug\execute_1_0.a(isr_t1.o)
                0x00007280                isr_t1_Disable
 .text.isr_t1_Start
                0x00007290       0x1c .\CortexM3\ARM_GCC_493\Debug\execute_1_0.a(isr_t1.o)
                0x00007290                isr_t1_Start
 .text.isr_t1_ClearPending
                0x000072ac       0x10 .\CortexM3\ARM_GCC_493\Debug\execute_1_0.a(isr_t1.o)
                0x000072ac                isr_t1_ClearPending
 .text.WDCLK_Write
                0x000072bc       0x18 .\CortexM3\ARM_GCC_493\Debug\execute_1_0.a(WDCLK.o)
                0x000072bc                WDCLK_Write
 .text.I2C_1_Init
                0x000072d4       0x7c .\CortexM3\ARM_GCC_493\Debug\execute_1_0.a(I2C_1.o)
                0x000072d4                I2C_1_Init
 .text.I2C_1_Enable
                0x00007350       0x10 .\CortexM3\ARM_GCC_493\Debug\execute_1_0.a(I2C_1.o)
                0x00007350                I2C_1_Enable
 .text.I2C_1_Start
                0x00007360       0x28 .\CortexM3\ARM_GCC_493\Debug\execute_1_0.a(I2C_1.o)
                0x00007360                I2C_1_Start
 .text.I2C_1_ISR
                0x00007388      0x324 .\CortexM3\ARM_GCC_493\Debug\execute_1_0.a(I2C_1_INT.o)
                0x00007388                I2C_1_ISR
 .text.I2C_1_MasterReadBuf
                0x000076ac       0xe0 .\CortexM3\ARM_GCC_493\Debug\execute_1_0.a(I2C_1_MASTER.o)
                0x000076ac                I2C_1_MasterReadBuf
 .text.I2C_1_MasterSendStart
                0x0000778c       0x94 .\CortexM3\ARM_GCC_493\Debug\execute_1_0.a(I2C_1_MASTER.o)
                0x0000778c                I2C_1_MasterSendStart
 .text.PWM_1_Enable
                0x00007820       0x10 .\CortexM3\ARM_GCC_493\Debug\execute_1_0.a(PWM_1.o)
                0x00007820                PWM_1_Enable
 .text.PWM_1_WriteCounter
                0x00007830        0xc .\CortexM3\ARM_GCC_493\Debug\execute_1_0.a(PWM_1.o)
                0x00007830                PWM_1_WriteCounter
 .text.PWM_1_WritePeriod
                0x0000783c        0xc .\CortexM3\ARM_GCC_493\Debug\execute_1_0.a(PWM_1.o)
                0x0000783c                PWM_1_WritePeriod
 .text.PWM_1_WriteCompare1
                0x00007848        0xc .\CortexM3\ARM_GCC_493\Debug\execute_1_0.a(PWM_1.o)
                0x00007848                PWM_1_WriteCompare1
 .text.PWM_1_WriteCompare2
                0x00007854        0xc .\CortexM3\ARM_GCC_493\Debug\execute_1_0.a(PWM_1.o)
                0x00007854                PWM_1_WriteCompare2
 .text.PWM_1_WriteDeadTime
                0x00007860        0xc .\CortexM3\ARM_GCC_493\Debug\execute_1_0.a(PWM_1.o)
                0x00007860                PWM_1_WriteDeadTime
 .text.PWM_1_SetInterruptMode
                0x0000786c        0xc .\CortexM3\ARM_GCC_493\Debug\execute_1_0.a(PWM_1.o)
                0x0000786c                PWM_1_SetInterruptMode
 .text.PWM_1_ReadStatusRegister
                0x00007878        0xc .\CortexM3\ARM_GCC_493\Debug\execute_1_0.a(PWM_1.o)
                0x00007878                PWM_1_ReadStatusRegister
 .text.PWM_1_ReadCapture
                0x00007884        0xc .\CortexM3\ARM_GCC_493\Debug\execute_1_0.a(PWM_1.o)
                0x00007884                PWM_1_ReadCapture
 .text.PWM_1_ClearFIFO
                0x00007890       0x14 .\CortexM3\ARM_GCC_493\Debug\execute_1_0.a(PWM_1.o)
                0x00007890                PWM_1_ClearFIFO
 .text.PWM_1_Init
                0x000078a4       0x70 .\CortexM3\ARM_GCC_493\Debug\execute_1_0.a(PWM_1.o)
                0x000078a4                PWM_1_Init
 .text.PWM_1_Start
                0x00007914       0x1c .\CortexM3\ARM_GCC_493\Debug\execute_1_0.a(PWM_1.o)
                0x00007914                PWM_1_Start
 .text.PWM_1_ReadCompare1
                0x00007930        0xc .\CortexM3\ARM_GCC_493\Debug\execute_1_0.a(PWM_1.o)
                0x00007930                PWM_1_ReadCompare1
 .text.UART_2_Init
                0x0000793c       0x24 .\CortexM3\ARM_GCC_493\Debug\execute_1_0.a(UART_2.o)
                0x0000793c                UART_2_Init
 .text.UART_2_Enable
                0x00007960       0x30 .\CortexM3\ARM_GCC_493\Debug\execute_1_0.a(UART_2.o)
                0x00007960                UART_2_Enable
 .text.UART_2_Start
                0x00007990       0x1c .\CortexM3\ARM_GCC_493\Debug\execute_1_0.a(UART_2.o)
                0x00007990                UART_2_Start
 .text.UART_2_ClearTxBuffer
                0x000079ac       0x24 .\CortexM3\ARM_GCC_493\Debug\execute_1_0.a(UART_2.o)
                0x000079ac                UART_2_ClearTxBuffer
 .text.DE_Write
                0x000079d0       0x18 .\CortexM3\ARM_GCC_493\Debug\execute_1_0.a(DE.o)
                0x000079d0                DE_Write
 .text.Timer_1_Enable
                0x000079e8       0x28 .\CortexM3\ARM_GCC_493\Debug\execute_1_0.a(Timer_1.o)
                0x000079e8                Timer_1_Enable
 .text.Timer_1_SetInterruptMode
                0x00007a10        0xc .\CortexM3\ARM_GCC_493\Debug\execute_1_0.a(Timer_1.o)
                0x00007a10                Timer_1_SetInterruptMode
 .text.Timer_1_ReadStatusRegister
                0x00007a1c        0xc .\CortexM3\ARM_GCC_493\Debug\execute_1_0.a(Timer_1.o)
                0x00007a1c                Timer_1_ReadStatusRegister
 .text.Timer_1_WritePeriod
                0x00007a28        0xc .\CortexM3\ARM_GCC_493\Debug\execute_1_0.a(Timer_1.o)
                0x00007a28                Timer_1_WritePeriod
 .text.Timer_1_WriteCounter
                0x00007a34        0xc .\CortexM3\ARM_GCC_493\Debug\execute_1_0.a(Timer_1.o)
                0x00007a34                Timer_1_WriteCounter
 .text.Timer_1_Init
                0x00007a40       0x68 .\CortexM3\ARM_GCC_493\Debug\execute_1_0.a(Timer_1.o)
                0x00007a40                Timer_1_Init
 .text.Timer_1_Start
                0x00007aa8       0x1c .\CortexM3\ARM_GCC_493\Debug\execute_1_0.a(Timer_1.o)
                0x00007aa8                Timer_1_Start
 .text.LED_G_Write
                0x00007ac4       0x18 .\CortexM3\ARM_GCC_493\Debug\execute_1_0.a(LED_G.o)
                0x00007ac4                LED_G_Write
 .text.LED_B_Write
                0x00007adc       0x18 .\CortexM3\ARM_GCC_493\Debug\execute_1_0.a(LED_B.o)
                0x00007adc                LED_B_Write
 .text.ADC_SAR_1_CalcGain
                0x00007af4       0x64 .\CortexM3\ARM_GCC_493\Debug\execute_1_0.a(ADC_SAR_1.o)
 .text.ADC_SAR_1_Enable
                0x00007b58       0x94 .\CortexM3\ARM_GCC_493\Debug\execute_1_0.a(ADC_SAR_1.o)
                0x00007b58                ADC_SAR_1_Enable
 .text.ADC_SAR_1_SetResolution
                0x00007bec       0x38 .\CortexM3\ARM_GCC_493\Debug\execute_1_0.a(ADC_SAR_1.o)
                0x00007bec                ADC_SAR_1_SetResolution
 .text.ADC_SAR_1_Init
                0x00007c24       0x3c .\CortexM3\ARM_GCC_493\Debug\execute_1_0.a(ADC_SAR_1.o)
                0x00007c24                ADC_SAR_1_Init
 .text.ADC_SAR_1_Start
                0x00007c60       0x1c .\CortexM3\ARM_GCC_493\Debug\execute_1_0.a(ADC_SAR_1.o)
                0x00007c60                ADC_SAR_1_Start
 .text.ADC_SAR_1_StartConvert
                0x00007c7c       0x10 .\CortexM3\ARM_GCC_493\Debug\execute_1_0.a(ADC_SAR_1.o)
                0x00007c7c                ADC_SAR_1_StartConvert
 .text.ADC_SAR_1_StopConvert
                0x00007c8c       0x10 .\CortexM3\ARM_GCC_493\Debug\execute_1_0.a(ADC_SAR_1.o)
                0x00007c8c                ADC_SAR_1_StopConvert
 .text.ADC_SAR_1_ISR
                0x00007c9c        0x8 .\CortexM3\ARM_GCC_493\Debug\execute_1_0.a(ADC_SAR_1_INT.o)
                0x00007c9c                ADC_SAR_1_ISR
 .text.NOT_RE_Write
                0x00007ca4       0x18 .\CortexM3\ARM_GCC_493\Debug\execute_1_0.a(NOT_RE.o)
                0x00007ca4                NOT_RE_Write
 .text.Virtual_Hall_Write
                0x00007cbc        0xc .\CortexM3\ARM_GCC_493\Debug\execute_1_0.a(Virtual_Hall.o)
                0x00007cbc                Virtual_Hall_Write
 .text.Use_Hall_Write
                0x00007cc8        0xc .\CortexM3\ARM_GCC_493\Debug\execute_1_0.a(Use_Hall.o)
                0x00007cc8                Use_Hall_Write
 .text.isr_sar1_dma_Interrupt
                0x00007cd4        0x8 .\CortexM3\ARM_GCC_493\Debug\execute_1_0.a(isr_sar1_dma.o)
                0x00007cd4                isr_sar1_dma_Interrupt
 .text.isr_sar1_dma_SetVector
                0x00007cdc        0xc .\CortexM3\ARM_GCC_493\Debug\execute_1_0.a(isr_sar1_dma.o)
                0x00007cdc                isr_sar1_dma_SetVector
 .text.isr_sar1_dma_SetPriority
                0x00007ce8       0x10 .\CortexM3\ARM_GCC_493\Debug\execute_1_0.a(isr_sar1_dma.o)
                0x00007ce8                isr_sar1_dma_SetPriority
 .text.isr_sar1_dma_Enable
                0x00007cf8       0x10 .\CortexM3\ARM_GCC_493\Debug\execute_1_0.a(isr_sar1_dma.o)
                0x00007cf8                isr_sar1_dma_Enable
 .text.isr_sar1_dma_Disable
                0x00007d08       0x10 .\CortexM3\ARM_GCC_493\Debug\execute_1_0.a(isr_sar1_dma.o)
                0x00007d08                isr_sar1_dma_Disable
 .text.isr_sar1_dma_Start
                0x00007d18       0x1c .\CortexM3\ARM_GCC_493\Debug\execute_1_0.a(isr_sar1_dma.o)
                0x00007d18                isr_sar1_dma_Start
 .text.AMux_1_Start
                0x00007d34       0x20 .\CortexM3\ARM_GCC_493\Debug\execute_1_0.a(AMux_1.o)
                0x00007d34                AMux_1_Start
 .text.AMux_1_Select
                0x00007d54       0x18 .\CortexM3\ARM_GCC_493\Debug\execute_1_0.a(AMux_1.o)
                0x00007d54                AMux_1_Select
 .text.PGA_1_Enable
                0x00007d6c       0x28 .\CortexM3\ARM_GCC_493\Debug\execute_1_0.a(PGA_1.o)
                0x00007d6c                PGA_1_Enable
 .text.PGA_1_SetPower
                0x00007d94       0x18 .\CortexM3\ARM_GCC_493\Debug\execute_1_0.a(PGA_1.o)
                0x00007d94                PGA_1_SetPower
 .text.PGA_1_SetGain
                0x00007dac       0x78 .\CortexM3\ARM_GCC_493\Debug\execute_1_0.a(PGA_1.o)
                0x00007dac                PGA_1_SetGain
 .text.PGA_1_Init
                0x00007e24       0x34 .\CortexM3\ARM_GCC_493\Debug\execute_1_0.a(PGA_1.o)
                0x00007e24                PGA_1_Init
 .text.PGA_1_Start
                0x00007e58       0x1c .\CortexM3\ARM_GCC_493\Debug\execute_1_0.a(PGA_1.o)
                0x00007e58                PGA_1_Start
 .text.PGA_2_Enable
                0x00007e74       0x28 .\CortexM3\ARM_GCC_493\Debug\execute_1_0.a(PGA_2.o)
                0x00007e74                PGA_2_Enable
 .text.PGA_2_SetPower
                0x00007e9c       0x18 .\CortexM3\ARM_GCC_493\Debug\execute_1_0.a(PGA_2.o)
                0x00007e9c                PGA_2_SetPower
 .text.PGA_2_SetGain
                0x00007eb4       0x78 .\CortexM3\ARM_GCC_493\Debug\execute_1_0.a(PGA_2.o)
                0x00007eb4                PGA_2_SetGain
 .text.PGA_2_Init
                0x00007f2c       0x34 .\CortexM3\ARM_GCC_493\Debug\execute_1_0.a(PGA_2.o)
                0x00007f2c                PGA_2_Init
 .text.PGA_2_Start
                0x00007f60       0x1c .\CortexM3\ARM_GCC_493\Debug\execute_1_0.a(PGA_2.o)
                0x00007f60                PGA_2_Start
 .text.QuadDec_1_Cnt16_Enable
                0x00007f7c       0x10 .\CortexM3\ARM_GCC_493\Debug\execute_1_0.a(QuadDec_1_Cnt16.o)
                0x00007f7c                QuadDec_1_Cnt16_Enable
 .text.QuadDec_1_Cnt16_SetInterruptMode
                0x00007f8c        0xc .\CortexM3\ARM_GCC_493\Debug\execute_1_0.a(QuadDec_1_Cnt16.o)
                0x00007f8c                QuadDec_1_Cnt16_SetInterruptMode
 .text.QuadDec_1_Cnt16_ReadStatusRegister
                0x00007f98        0xc .\CortexM3\ARM_GCC_493\Debug\execute_1_0.a(QuadDec_1_Cnt16.o)
                0x00007f98                QuadDec_1_Cnt16_ReadStatusRegister
 .text.QuadDec_1_Cnt16_WriteCounter
                0x00007fa4        0xc .\CortexM3\ARM_GCC_493\Debug\execute_1_0.a(QuadDec_1_Cnt16.o)
                0x00007fa4                QuadDec_1_Cnt16_WriteCounter
 .text.QuadDec_1_Cnt16_ReadCounter
                0x00007fb0       0x14 .\CortexM3\ARM_GCC_493\Debug\execute_1_0.a(QuadDec_1_Cnt16.o)
                0x00007fb0                QuadDec_1_Cnt16_ReadCounter
 .text.QuadDec_1_Cnt16_ReadCapture
                0x00007fc4        0xc .\CortexM3\ARM_GCC_493\Debug\execute_1_0.a(QuadDec_1_Cnt16.o)
                0x00007fc4                QuadDec_1_Cnt16_ReadCapture
 .text.QuadDec_1_Cnt16_WritePeriod
                0x00007fd0        0xc .\CortexM3\ARM_GCC_493\Debug\execute_1_0.a(QuadDec_1_Cnt16.o)
                0x00007fd0                QuadDec_1_Cnt16_WritePeriod
 .text.QuadDec_1_Cnt16_WriteCompare
                0x00007fdc        0xc .\CortexM3\ARM_GCC_493\Debug\execute_1_0.a(QuadDec_1_Cnt16.o)
                0x00007fdc                QuadDec_1_Cnt16_WriteCompare
 .text.QuadDec_1_Cnt16_ClearFIFO
                0x00007fe8       0x14 .\CortexM3\ARM_GCC_493\Debug\execute_1_0.a(QuadDec_1_Cnt16.o)
                0x00007fe8                QuadDec_1_Cnt16_ClearFIFO
 .text.QuadDec_1_Cnt16_Init
                0x00007ffc       0x58 .\CortexM3\ARM_GCC_493\Debug\execute_1_0.a(QuadDec_1_Cnt16.o)
                0x00007ffc                QuadDec_1_Cnt16_Init
 .text.QuadDec_1_Cnt16_Start
                0x00008054       0x1c .\CortexM3\ARM_GCC_493\Debug\execute_1_0.a(QuadDec_1_Cnt16.o)
                0x00008054                QuadDec_1_Cnt16_Start
 .text.USBUART_1_ep3_DmaInitialize
                0x00008070       0x40 .\CortexM3\ARM_GCC_493\Debug\execute_1_0.a(USBUART_1_ep3_dma.o)
                0x00008070                USBUART_1_ep3_DmaInitialize
 .text.USBUART_1_ep2_DmaInitialize
                0x000080b0       0x3c .\CortexM3\ARM_GCC_493\Debug\execute_1_0.a(USBUART_1_ep2_dma.o)
                0x000080b0                USBUART_1_ep2_DmaInitialize
 .text.USBUART_1_ep1_DmaInitialize
                0x000080ec       0x3c .\CortexM3\ARM_GCC_493\Debug\execute_1_0.a(USBUART_1_ep1_dma.o)
                0x000080ec                USBUART_1_ep1_DmaInitialize
 .text.ADC_SAR_1_theACLK_SetModeRegister
                0x00008128       0x14 .\CortexM3\ARM_GCC_493\Debug\execute_1_0.a(ADC_SAR_1_theACLK.o)
                0x00008128                ADC_SAR_1_theACLK_SetModeRegister
 *fill*         0x0000813c        0x4 
 .text          0x00008140       0x20 .\CortexM3\ARM_GCC_493\Debug\execute_1_0.a(CyBootAsmGnu.o)
                0x00008140                CyDelayCycles
                0x00008150                CyEnterCriticalSection
                0x00008158                CyExitCriticalSection
 .text.CyDmacConfigure
                0x00008160       0x34 .\CortexM3\ARM_GCC_493\Debug\execute_1_0.a(CyDmac.o)
                0x00008160                CyDmacConfigure
 .text.CyDmaChEnable
                0x00008194       0x38 .\CortexM3\ARM_GCC_493\Debug\execute_1_0.a(CyDmac.o)
                0x00008194                CyDmaChEnable
 .text.CyDmaChDisable
                0x000081cc       0x24 .\CortexM3\ARM_GCC_493\Debug\execute_1_0.a(CyDmac.o)
                0x000081cc                CyDmaChDisable
 .text.CyDmaClearPendingDrq
                0x000081f0       0x28 .\CortexM3\ARM_GCC_493\Debug\execute_1_0.a(CyDmac.o)
                0x000081f0                CyDmaClearPendingDrq
 .text.CyDmaChPriority
                0x00008218       0x24 .\CortexM3\ARM_GCC_493\Debug\execute_1_0.a(CyDmac.o)
                0x00008218                CyDmaChPriority
 .text.CyDmaChSetExtendedAddress
                0x0000823c       0x34 .\CortexM3\ARM_GCC_493\Debug\execute_1_0.a(CyDmac.o)
                0x0000823c                CyDmaChSetExtendedAddress
 .text.CyDmaChSetInitialTd
                0x00008270       0x18 .\CortexM3\ARM_GCC_493\Debug\execute_1_0.a(CyDmac.o)
                0x00008270                CyDmaChSetInitialTd
 .text.CyDmaChSetConfiguration
                0x00008288       0x48 .\CortexM3\ARM_GCC_493\Debug\execute_1_0.a(CyDmac.o)
                0x00008288                CyDmaChSetConfiguration
 .text.CyDmaTdAllocate
                0x000082d0       0x34 .\CortexM3\ARM_GCC_493\Debug\execute_1_0.a(CyDmac.o)
                0x000082d0                CyDmaTdAllocate
 .text.CyDmaTdSetConfiguration
                0x00008304       0x28 .\CortexM3\ARM_GCC_493\Debug\execute_1_0.a(CyDmac.o)
                0x00008304                CyDmaTdSetConfiguration
 .text.CyDmaTdSetAddress
                0x0000832c       0x1c .\CortexM3\ARM_GCC_493\Debug\execute_1_0.a(CyDmac.o)
                0x0000832c                CyDmaTdSetAddress
 .text.CyHalt   0x00008348        0x4 .\CortexM3\ARM_GCC_493\Debug\execute_1_0.a(CyLib.o)
                0x00008348                CyHalt
 .text.CyDelay  0x0000834c       0x2c .\CortexM3\ARM_GCC_493\Debug\execute_1_0.a(CyLib.o)
                0x0000834c                CyDelay
 .text.CyDelayUs
                0x00008378       0x14 .\CortexM3\ARM_GCC_493\Debug\execute_1_0.a(CyLib.o)
                0x00008378                CyDelayUs
 .text.CyIntSetVector
                0x0000838c       0x28 .\CortexM3\ARM_GCC_493\Debug\execute_1_0.a(CyLib.o)
                0x0000838c                CyIntSetVector
 .text.CyIntSetPriority
                0x000083b4       0x30 .\CortexM3\ARM_GCC_493\Debug\execute_1_0.a(CyLib.o)
                0x000083b4                CyIntSetPriority
 .text.USBUART_1_DispatchClassRqst
                0x000083e4       0x64 .\CortexM3\ARM_GCC_493\Debug\execute_1_0.a(USBUART_1_cls.o)
                0x000083e4                USBUART_1_DispatchClassRqst
 .text.sqrt     0x00008448       0xac c:/program files (x86)/cypress/psoc creator/3.3/psoc creator/import/gnu/arm/4.9.3/bin/../lib/gcc/arm-none-eabi/4.9.3/../../../../arm-none-eabi/lib/armv7-m\libm.a(lib_a-w_sqrt.o)
                0x00008448                sqrt
 .text.__ieee754_sqrt
                0x000084f4      0x18c c:/program files (x86)/cypress/psoc creator/3.3/psoc creator/import/gnu/arm/4.9.3/bin/../lib/gcc/arm-none-eabi/4.9.3/../../../../arm-none-eabi/lib/armv7-m\libm.a(lib_a-e_sqrt.o)
                0x000084f4                __ieee754_sqrt
 .text.__fpclassifyd
                0x00008680       0x58 c:/program files (x86)/cypress/psoc creator/3.3/psoc creator/import/gnu/arm/4.9.3/bin/../lib/gcc/arm-none-eabi/4.9.3/../../../../arm-none-eabi/lib/armv7-m\libm.a(lib_a-s_fpclassify.o)
                0x00008680                __fpclassifyd